
Optional file libmchp_peripheral.a not found

Optional file libmchp_peripheral_32MX250F128B.a not found
Archive member included to satisfy reference by file (symbol)

C:/Program Files/Microchip/xc32/v5.10/bin/bin/../../lib/gcc/pic32m/13.2.1/../../../../pic32m/lib\libpic32.a(default-on-reset.o)
                              C:\Users\Moata\AppData\Local\Temp\ccCP9Bs1.o (_on_reset)
C:/Program Files/Microchip/xc32/v5.10/bin/bin/../../lib/gcc/pic32m/13.2.1/../../../../pic32m/lib\libpic32.a(default-on-bootstrap.o)
                              C:\Users\Moata\AppData\Local\Temp\ccCP9Bs1.o (_on_bootstrap)
C:/Program Files/Microchip/xc32/v5.10/bin/bin/../../lib/gcc/pic32m/13.2.1/../../../../pic32m/lib\libpic32.a(default-nmi-handler.o)
                              C:\Users\Moata\AppData\Local\Temp\ccCP9Bs1.o (_nmi_handler)
C:/Program Files/Microchip/xc32/v5.10/bin/bin/../../lib/gcc/pic32m/13.2.1/../../../../pic32m/lib\libpic32.a(pic32_data_init_core.o)
                              C:\Users\Moata\AppData\Local\Temp\ccCP9Bs1.o (__pic32_data_init)
C:/Program Files/Microchip/xc32/v5.10/bin/bin/../../lib/gcc/pic32m/13.2.1/../../../../pic32m/lib\libpic32.a(general-exception.o)
                              C:\Users\Moata\AppData\Local\Temp\ccCP9Bs1.o (_general_exception_context)
C:/Program Files/Microchip/xc32/v5.10/bin/bin/../../lib/gcc/pic32m/13.2.1/../../../../pic32m/lib\libpic32.a(vector0.o)
                              C:\Users\Moata\AppData\Local\Temp\ccJbvORd.o (__vector_dispatch_0)
C:/Program Files/Microchip/xc32/v5.10/bin/bin/../../lib/gcc/pic32m/13.2.1/../../../../pic32m/lib\libpic32.a(vector1.o)
                              C:\Users\Moata\AppData\Local\Temp\ccJbvORd.o (__vector_dispatch_1)
C:/Program Files/Microchip/xc32/v5.10/bin/bin/../../lib/gcc/pic32m/13.2.1/../../../../pic32m/lib\libpic32.a(vector2.o)
                              C:\Users\Moata\AppData\Local\Temp\ccJbvORd.o (__vector_dispatch_2)
C:/Program Files/Microchip/xc32/v5.10/bin/bin/../../lib/gcc/pic32m/13.2.1/../../../../pic32m/lib\libpic32.a(vector3.o)
                              C:\Users\Moata\AppData\Local\Temp\ccJbvORd.o (__vector_dispatch_3)
C:/Program Files/Microchip/xc32/v5.10/bin/bin/../../lib/gcc/pic32m/13.2.1/../../../../pic32m/lib\libpic32.a(vector4.o)
                              C:\Users\Moata\AppData\Local\Temp\ccJbvORd.o (__vector_dispatch_4)
C:/Program Files/Microchip/xc32/v5.10/bin/bin/../../lib/gcc/pic32m/13.2.1/../../../../pic32m/lib\libpic32.a(vector5.o)
                              C:\Users\Moata\AppData\Local\Temp\ccJbvORd.o (__vector_dispatch_5)
C:/Program Files/Microchip/xc32/v5.10/bin/bin/../../lib/gcc/pic32m/13.2.1/../../../../pic32m/lib\libpic32.a(vector6.o)
                              C:\Users\Moata\AppData\Local\Temp\ccJbvORd.o (__vector_dispatch_6)
C:/Program Files/Microchip/xc32/v5.10/bin/bin/../../lib/gcc/pic32m/13.2.1/../../../../pic32m/lib\libpic32.a(vector7.o)
                              C:\Users\Moata\AppData\Local\Temp\ccJbvORd.o (__vector_dispatch_7)
C:/Program Files/Microchip/xc32/v5.10/bin/bin/../../lib/gcc/pic32m/13.2.1/../../../../pic32m/lib\libpic32.a(vector8.o)
                              C:\Users\Moata\AppData\Local\Temp\ccJbvORd.o (__vector_dispatch_8)
C:/Program Files/Microchip/xc32/v5.10/bin/bin/../../lib/gcc/pic32m/13.2.1/../../../../pic32m/lib\libpic32.a(vector9.o)
                              C:\Users\Moata\AppData\Local\Temp\ccJbvORd.o (__vector_dispatch_9)
C:/Program Files/Microchip/xc32/v5.10/bin/bin/../../lib/gcc/pic32m/13.2.1/../../../../pic32m/lib\libpic32.a(vector10.o)
                              C:\Users\Moata\AppData\Local\Temp\ccJbvORd.o (__vector_dispatch_10)
C:/Program Files/Microchip/xc32/v5.10/bin/bin/../../lib/gcc/pic32m/13.2.1/../../../../pic32m/lib\libpic32.a(vector11.o)
                              C:\Users\Moata\AppData\Local\Temp\ccJbvORd.o (__vector_dispatch_11)
C:/Program Files/Microchip/xc32/v5.10/bin/bin/../../lib/gcc/pic32m/13.2.1/../../../../pic32m/lib\libpic32.a(vector12.o)
                              C:\Users\Moata\AppData\Local\Temp\ccJbvORd.o (__vector_dispatch_12)
C:/Program Files/Microchip/xc32/v5.10/bin/bin/../../lib/gcc/pic32m/13.2.1/../../../../pic32m/lib\libpic32.a(vector13.o)
                              C:\Users\Moata\AppData\Local\Temp\ccJbvORd.o (__vector_dispatch_13)
C:/Program Files/Microchip/xc32/v5.10/bin/bin/../../lib/gcc/pic32m/13.2.1/../../../../pic32m/lib\libpic32.a(vector14.o)
                              C:\Users\Moata\AppData\Local\Temp\ccJbvORd.o (__vector_dispatch_14)
C:/Program Files/Microchip/xc32/v5.10/bin/bin/../../lib/gcc/pic32m/13.2.1/../../../../pic32m/lib\libpic32.a(vector15.o)
                              C:\Users\Moata\AppData\Local\Temp\ccJbvORd.o (__vector_dispatch_15)
C:/Program Files/Microchip/xc32/v5.10/bin/bin/../../lib/gcc/pic32m/13.2.1/../../../../pic32m/lib\libpic32.a(vector16.o)
[...]
Memory Configuration

Name             Origin             Length             Attributes
kseg0_program_mem 0x9d000000         0x0001f000         xr
exception_mem    0x9d01f000         0x00001000
debug_exec_mem   0x9fc00490         0x00000760
kseg0_boot_mem   0x9fc00490         0x00000000
kseg1_boot_mem   0xbfc00000         0x00000490
config3          0xbfc00bf0         0x00000004
config2          0xbfc00bf4         0x00000004
config1          0xbfc00bf8         0x00000004
config0          0xbfc00bfc         0x00000004
kseg1_data_mem   0xa0000000         0x00008000         w!x
sfrs             0xbf800000         0x00100000
configsfrs       0xbfc00bf0         0x00000010
*default*        0x00000000         0xffffffff

Linker script and memory map

                0x00000001                        _DEBUGGER = 0x1
LOAD build/default/debug/_ext/1865657120/plib_uart1.o
LOAD build/default/debug/_ext/1360937237/main.o
LOAD build/default/debug/_ext/1171490990/initialization.o
LOAD build/default/debug/_ext/1171490990/interrupts.o
LOAD build/default/debug/_ext/1171490990/exceptions.o
LOAD build/default/debug/_ext/163028504/xc32_monitor.o
LOAD build/default/debug/_ext/60165520/plib_clk.o
LOAD build/default/debug/_ext/1865254177/plib_gpio.o
LOAD build/default/debug/_ext/1865200349/plib_evic.o
LOAD build/default/debug/_ext/298189674/plib_spi1_master.o
                0x00000001                        __MPLAB_BUILD = 0x1
                0x00000400                        PROVIDE (_min_stack_size = 0x400)
START GROUP
LOAD libmchp_peripheral.a
END GROUP
START GROUP
LOAD libmchp_peripheral_32MX250F128B.a
END GROUP
                0x00000001                        PROVIDE (_vector_spacing = 0x1)
                0x9d01f000                        PROVIDE (_ebase_address = 0x9d01f000)
                0xbfc00000                        _RESET_ADDR = 0xbfc00000
                0xbfc00380                        _BEV_EXCPT_ADDR = 0xbfc00380
                0xbfc00480                        _DBG_EXCPT_ADDR = 0xbfc00480
                0x9fc00490                        _DBG_CODE_ADDR = 0x9fc00490
                0x00000760                        _DBG_CODE_SIZE = 0x760
                0x9d01f180                        _GEN_EXCPT_ADDR = (_ebase_address + 0x180)

.config_BFC00BF0
                0xbfc00bf0        0x4
 *(.config_BFC00BF0)
 .config_BFC00BF0
                0xbfc00bf0        0x4 build/default/debug/_ext/1171490990/initialization.o
                0xbfc00bf0                __config_BFC00BF0

.config_BFC00BF4
                0xbfc00bf4        0x4
 *(.config_BFC00BF4)
 .config_BFC00BF4
                0xbfc00bf4        0x4 build/default/debug/_ext/1171490990/initialization.o
                0xbfc00bf4                __config_BFC00BF4

.config_BFC00BF8
                0xbfc00bf8        0x4
 *(.config_BFC00BF8)
 .config_BFC00BF8
                0xbfc00bf8        0x4 build/default/debug/_ext/1171490990/initialization.o
                0xbfc00bf8                __config_BFC00BF8

.config_BFC00BFC
                0xbfc00bfc        0x4
 *(.config_BFC00BFC)
 .config_BFC00BFC
                0xbfc00bfc        0x4 build/default/debug/_ext/1171490990/initialization.o
                0xbfc00bfc                __config_BFC00BFC

.reset          0xbfc00000      0x14c
 *(.reset)
 .reset         0xbfc00000        0x8 C:\Users\Moata\AppData\Local\Temp\ccCP9Bs1.o
                0xbfc00000                _reset
 *(.reset.startup)
 .reset.startup
                0xbfc00008      0x144 C:\Users\Moata\AppData\Local\Temp\ccCP9Bs1.o
                0xbfc00008                _startup

.bev_excpt      0xbfc00380       0x10
 *(.bev_handler)
 .bev_handler   0xbfc00380       0x10 C:\Users\Moata\AppData\Local\Temp\ccCP9Bs1.o

.dbg_excpt      0xbfc00480        0x8
                0xbfc00488                        . = (. + DEFINED (_DEBUGGER)?0x8:0x0)
 *fill*         0xbfc00480        0x8 

.dbg_code       0x9fc00490      0x760
                0x9fc00bf0                        . = (. + DEFINED (_DEBUGGER)?_DBG_CODE_SIZE:0x0)
 *fill*         0x9fc00490      0x760 

.app_excpt      0x9d01f180       0x10
 *(.gen_handler)
 .gen_handler   0x9d01f180       0x10 C:\Users\Moata\AppData\Local\Temp\ccCP9Bs1.o

.vector_0       0x9d01f200        0x8
 *(.vector_0)
 .vector_0      0x9d01f200        0x8 C:/Program Files/Microchip/xc32/v5.10/bin/bin/../../lib/gcc/pic32m/13.2.1/../../../../pic32m/lib\libpic32.a(vector0.o)
                0x9d01f200                __vector_dispatch_0
                0x00000001                        ASSERT (((_vector_spacing == 0x0) || (SIZEOF (.vector_0) <= (_vector_spacing << 0x5))), function at exception vector 0 too large)

.vector_1       0x9d01f220        0x8
 *(.vector_1)
 .vector_1      0x9d01f220        0x8 C:/Program Files/Microchip/xc32/v5.10/bin/bin/../../lib/gcc/pic32m/13.2.1/../../../../pic32m/lib\libpic32.a(vector1.o)
                0x9d01f220                __vector_dispatch_1
                0x00000001                        ASSERT (((_vector_spacing == 0x0) || (SIZEOF (.vector_1) <= (_vector_spacing << 0x5))), function at exception vector 1 too large)

.vector_2       0x9d01f240        0x8
 *(.vector_2)
 .vector_2      0x9d01f240        0x8 C:/Program Files/Microchip/xc32/v5.10/bin/bin/../../lib/gcc/pic32m/13.2.1/../../../../pic32m/lib\libpic32.a(vector2.o)
                0x9d01f240                __vector_dispatch_2
                0x00000001                        ASSERT (((_vector_spacing == 0x0) || (SIZEOF (.vector_2) <= (_vector_spacing << 0x5))), function at exception vector 2 too large)

.vector_3       0x9d01f260        0x8
 *(.vector_3)
 .vector_3      0x9d01f260        0x8 C:/Program Files/Microchip/xc32/v5.10/bin/bin/../../lib/gcc/pic32m/13.2.1/../../../../pic32m/lib\libpic32.a(vector3.o)
                0x9d01f260                __vector_dispatch_3
                0x00000001                        ASSERT (((_vector_spacing == 0x0) || (SIZEOF (.vector_3) <= (_vector_spacing << 0x5))), function at exception vector 3 too large)

.vector_4       0x9d01f280        0x8
 *(.vector_4)
 .vector_4      0x9d01f280        0x8 C:/Program Files/Microchip/xc32/v5.10/bin/bin/../../lib/gcc/pic32m/13.2.1/../../../../pic32m/lib\libpic32.a(vector4.o)
                0x9d01f280                __vector_dispatch_4
                0x00000001                        ASSERT (((_vector_spacing == 0x0) || (SIZEOF (.vector_4) <= (_vector_spacing << 0x5))), function at exception vector 4 too large)

.vector_5       0x9d01f2a0        0x8
 *(.vector_5)
 .vector_5      0x9d01f2a0        0x8 C:/Program Files/Microchip/xc32/v5.10/bin/bin/../../lib/gcc/pic32m/13.2.1/../../../../pic32m/lib\libpic32.a(vector5.o)
                0x9d01f2a0                __vector_dispatch_5
                0x00000001                        ASSERT (((_vector_spacing == 0x0) || (SIZEOF (.vector_5) <= (_vector_spacing << 0x5))), function at exception vector 5 too large)

.vector_6       0x9d01f2c0        0x8
 *(.vector_6)
 .vector_6      0x9d01f2c0        0x8 C:/Program Files/Microchip/xc32/v5.10/bin/bin/../../lib/gcc/pic32m/13.2.1/../../../../pic32m/lib\libpic32.a(vector6.o)
                0x9d01f2c0                __vector_dispatch_6
                0x00000001                        ASSERT (((_vector_spacing == 0x0) || (SIZEOF (.vector_6) <= (_vector_spacing << 0x5))), function at exception vector 6 too large)

.vector_7       0x9d01f2e0        0x8
 *(.vector_7)
 .vector_7      0x9d01f2e0        0x8 C:/Program Files/Microchip/xc32/v5.10/bin/bin/../../lib/gcc/pic32m/13.2.1/../../../../pic32m/lib\libpic32.a(vector7.o)
                0x9d01f2e0                __vector_dispatch_7
                0x00000001                        ASSERT (((_vector_spacing == 0x0) || (SIZEOF (.vector_7) <= (_vector_spacing << 0x5))), function at exception vector 7 too large)

.vector_8       0x9d01f300        0x8
 *(.vector_8)
 .vector_8      0x9d01f300        0x8 C:/Program Files/Microchip/xc32/v5.10/bin/bin/../../lib/gcc/pic32m/13.2.1/../../../../pic32m/lib\libpic32.a(vector8.o)
                0x9d01f300                __vector_dispatch_8
                0x00000001                        ASSERT (((_vector_spacing == 0x0) || (SIZEOF (.vector_8) <= (_vector_spacing << 0x5))), function at exception vector 8 too large)

.vector_9       0x9d01f320        0x8
 *(.vector_9)
 .vector_9      0x9d01f320        0x8 C:/Program Files/Microchip/xc32/v5.10/bin/bin/../../lib/gcc/pic32m/13.2.1/../../../../pic32m/lib\libpic32.a(vector9.o)
                0x9d01f320                __vector_dispatch_9
                0x00000001                        ASSERT (((_vector_spacing == 0x0) || (SIZEOF (.vector_9) <= (_vector_spacing << 0x5))), function at exception vector 9 too large)

.vector_10      0x9d01f340        0x8
 *(.vector_10)
 .vector_10     0x9d01f340        0x8 C:/Program Files/Microchip/xc32/v5.10/bin/bin/../../lib/gcc/pic32m/13.2.1/../../../../pic32m/lib\libpic32.a(vector10.o)
                0x9d01f340                __vector_dispatch_10
                0x00000001                        ASSERT (((_vector_spacing == 0x0) || (SIZEOF (.vector_10) <= (_vector_spacing << 0x5))), function at exception vector 10 too large)

.vector_11      0x9d01f360        0x8
 *(.vector_11)
 .vector_11     0x9d01f360        0x8 C:/Program Files/Microchip/xc32/v5.10/bin/bin/../../lib/gcc/pic32m/13.2.1/../../../../pic32m/lib\libpic32.a(vector11.o)
                0x9d01f360                __vector_dispatch_11
                0x00000001                        ASSERT (((_vector_spacing == 0x0) || (SIZEOF (.vector_11) <= (_vector_spacing << 0x5))), function at exception vector 11 too large)

.vector_12      0x9d01f380        0x8
 *(.vector_12)
 .vector_12     0x9d01f380        0x8 C:/Program Files/Microchip/xc32/v5.10/bin/bin/../../lib/gcc/pic32m/13.2.1/../../../../pic32m/lib\libpic32.a(vector12.o)
                0x9d01f380                __vector_dispatch_12
                0x00000001                        ASSERT (((_vector_spacing == 0x0) || (SIZEOF (.vector_12) <= (_vector_spacing << 0x5))), function at exception vector 12 too large)

.vector_13      0x9d01f3a0        0x8
 *(.vector_13)
 .vector_13     0x9d01f3a0        0x8 C:/Program Files/Microchip/xc32/v5.10/bin/bin/../../lib/gcc/pic32m/13.2.1/../../../../pic32m/lib\libpic32.a(vector13.o)
                0x9d01f3a0                __vector_dispatch_13
                0x00000001                        ASSERT (((_vector_spacing == 0x0) || (SIZEOF (.vector_13) <= (_vector_spacing << 0x5))), function at exception vector 13 too large)

.vector_14      0x9d01f3c0        0x8
 *(.vector_14)
 .vector_14     0x9d01f3c0        0x8 C:/Program Files/Microchip/xc32/v5.10/bin/bin/../../lib/gcc/pic32m/13.2.1/../../../../pic32m/lib\libpic32.a(vector14.o)
                0x9d01f3c0                __vector_dispatch_14
                0x00000001                        ASSERT (((_vector_spacing == 0x0) || (SIZEOF (.vector_14) <= (_vector_spacing << 0x5))), function at exception vector 14 too large)

.vector_15      0x9d01f3e0        0x8
 *(.vector_15)
 .vector_15     0x9d01f3e0        0x8 C:/Program Files/Microchip/xc32/v5.10/bin/bin/../../lib/gcc/pic32m/13.2.1/../../../../pic32m/lib\libpic32.a(vector15.o)
                0x9d01f3e0                __vector_dispatch_15
                0x00000001                        ASSERT (((_vector_spacing == 0x0) || (SIZEOF (.vector_15) <= (_vector_spacing << 0x5))), function at exception vector 15 too large)

.vector_16      0x9d01f400        0x8
 *(.vector_16)
 .vector_16     0x9d01f400        0x8 C:/Program Files/Microchip/xc32/v5.10/bin/bin/../../lib/gcc/pic32m/13.2.1/../../../../pic32m/lib\libpic32.a(vector16.o)
                0x9d01f400                __vector_dispatch_16
                0x00000001                        ASSERT (((_vector_spacing == 0x0) || (SIZEOF (.vector_16) <= (_vector_spacing << 0x5))), function at exception vector 16 too large)

.vector_17      0x9d01f420        0x8
 *(.vector_17)
 .vector_17     0x9d01f420        0x8 C:/Program Files/Microchip/xc32/v5.10/bin/bin/../../lib/gcc/pic32m/13.2.1/../../../../pic32m/lib\libpic32.a(vector17.o)
                0x9d01f420                __vector_dispatch_17
                0x00000001                        ASSERT (((_vector_spacing == 0x0) || (SIZEOF (.vector_17) <= (_vector_spacing << 0x5))), function at exception vector 17 too large)

.vector_18      0x9d01f440        0x8
 *(.vector_18)
 .vector_18     0x9d01f440        0x8 C:/Program Files/Microchip/xc32/v5.10/bin/bin/../../lib/gcc/pic32m/13.2.1/../../../../pic32m/lib\libpic32.a(vector18.o)
                0x9d01f440                __vector_dispatch_18
                0x00000001                        ASSERT (((_vector_spacing == 0x0) || (SIZEOF (.vector_18) <= (_vector_spacing << 0x5))), function at exception vector 18 too large)

.vector_19      0x9d01f460        0x8
 *(.vector_19)
 .vector_19     0x9d01f460        0x8 C:/Program Files/Microchip/xc32/v5.10/bin/bin/../../lib/gcc/pic32m/13.2.1/../../../../pic32m/lib\libpic32.a(vector19.o)
                0x9d01f460                __vector_dispatch_19
                0x00000001                        ASSERT (((_vector_spacing == 0x0) || (SIZEOF (.vector_19) <= (_vector_spacing << 0x5))), function at exception vector 19 too large)

.vector_20      0x9d01f480        0x8
 *(.vector_20)
 .vector_20     0x9d01f480        0x8 C:/Program Files/Microchip/xc32/v5.10/bin/bin/../../lib/gcc/pic32m/13.2.1/../../../../pic32m/lib\libpic32.a(vector20.o)
                0x9d01f480                __vector_dispatch_20
                0x00000001                        ASSERT (((_vector_spacing == 0x0) || (SIZEOF (.vector_20) <= (_vector_spacing << 0x5))), function at exception vector 20 too large)

.vector_21      0x9d01f4a0        0x8
 *(.vector_21)
 .vector_21     0x9d01f4a0        0x8 C:/Program Files/Microchip/xc32/v5.10/bin/bin/../../lib/gcc/pic32m/13.2.1/../../../../pic32m/lib\libpic32.a(vector21.o)
                0x9d01f4a0                __vector_dispatch_21
                0x00000001                        ASSERT (((_vector_spacing == 0x0) || (SIZEOF (.vector_21) <= (_vector_spacing << 0x5))), function at exception vector 21 too large)

.vector_22      0x9d01f4c0        0x8
 *(.vector_22)
 .vector_22     0x9d01f4c0        0x8 C:/Program Files/Microchip/xc32/v5.10/bin/bin/../../lib/gcc/pic32m/13.2.1/../../../../pic32m/lib\libpic32.a(vector22.o)
                0x9d01f4c0                __vector_dispatch_22
                0x00000001                        ASSERT (((_vector_spacing == 0x0) || (SIZEOF (.vector_22) <= (_vector_spacing << 0x5))), function at exception vector 22 too large)

.vector_23      0x9d01f4e0        0x8
 *(.vector_23)
 .vector_23     0x9d01f4e0        0x8 C:/Program Files/Microchip/xc32/v5.10/bin/bin/../../lib/gcc/pic32m/13.2.1/../../../../pic32m/lib\libpic32.a(vector23.o)
                0x9d01f4e0                __vector_dispatch_23
                0x00000001                        ASSERT (((_vector_spacing == 0x0) || (SIZEOF (.vector_23) <= (_vector_spacing << 0x5))), function at exception vector 23 too large)

.vector_24      0x9d01f500        0x8
 *(.vector_24)
 .vector_24     0x9d01f500        0x8 C:/Program Files/Microchip/xc32/v5.10/bin/bin/../../lib/gcc/pic32m/13.2.1/../../../../pic32m/lib\libpic32.a(vector24.o)
                0x9d01f500                __vector_dispatch_24
                0x00000001                        ASSERT (((_vector_spacing == 0x0) || (SIZEOF (.vector_24) <= (_vector_spacing << 0x5))), function at exception vector 24 too large)

.vector_25      0x9d01f520        0x8
 *(.vector_25)
 .vector_25     0x9d01f520        0x8 C:/Program Files/Microchip/xc32/v5.10/bin/bin/../../lib/gcc/pic32m/13.2.1/../../../../pic32m/lib\libpic32.a(vector25.o)
                0x9d01f520                __vector_dispatch_25
                0x00000001                        ASSERT (((_vector_spacing == 0x0) || (SIZEOF (.vector_25) <= (_vector_spacing << 0x5))), function at exception vector 25 too large)

.vector_26      0x9d01f540        0x8
 *(.vector_26)
 .vector_26     0x9d01f540        0x8 C:/Program Files/Microchip/xc32/v5.10/bin/bin/../../lib/gcc/pic32m/13.2.1/../../../../pic32m/lib\libpic32.a(vector26.o)
                0x9d01f540                __vector_dispatch_26
                0x00000001                        ASSERT (((_vector_spacing == 0x0) || (SIZEOF (.vector_26) <= (_vector_spacing << 0x5))), function at exception vector 26 too large)

.vector_27      0x9d01f560        0x8
 *(.vector_27)
 .vector_27     0x9d01f560        0x8 C:/Program Files/Microchip/xc32/v5.10/bin/bin/../../lib/gcc/pic32m/13.2.1/../../../../pic32m/lib\libpic32.a(vector27.o)
                0x9d01f560                __vector_dispatch_27
                0x00000001                        ASSERT (((_vector_spacing == 0x0) || (SIZEOF (.vector_27) <= (_vector_spacing << 0x5))), function at exception vector 27 too large)

.vector_28      0x9d01f580        0x8
 *(.vector_28)
 .vector_28     0x9d01f580        0x8 C:/Program Files/Microchip/xc32/v5.10/bin/bin/../../lib/gcc/pic32m/13.2.1/../../../../pic32m/lib\libpic32.a(vector28.o)
                0x9d01f580                __vector_dispatch_28
                0x00000001                        ASSERT (((_vector_spacing == 0x0) || (SIZEOF (.vector_28) <= (_vector_spacing << 0x5))), function at exception vector 28 too large)

.vector_29      0x9d01f5a0        0x8
 *(.vector_29)
 .vector_29     0x9d01f5a0        0x8 C:/Program Files/Microchip/xc32/v5.10/bin/bin/../../lib/gcc/pic32m/13.2.1/../../../../pic32m/lib\libpic32.a(vector29.o)
                0x9d01f5a0                __vector_dispatch_29
                0x00000001                        ASSERT (((_vector_spacing == 0x0) || (SIZEOF (.vector_29) <= (_vector_spacing << 0x5))), function at exception vector 29 too large)

.vector_30      0x9d01f5c0        0x8
 *(.vector_30)
 .vector_30     0x9d01f5c0        0x8 C:/Program Files/Microchip/xc32/v5.10/bin/bin/../../lib/gcc/pic32m/13.2.1/../../../../pic32m/lib\libpic32.a(vector30.o)
                0x9d01f5c0                __vector_dispatch_30
                0x00000001                        ASSERT (((_vector_spacing == 0x0) || (SIZEOF (.vector_30) <= (_vector_spacing << 0x5))), function at exception vector 30 too large)

.vector_31      0x9d01f5e0        0x8
 *(.vector_31)
 .vector_31     0x9d01f5e0        0x8 build/default/debug/_ext/1171490990/interrupts.o
                0x9d01f5e0                __vector_dispatch_31
                0x00000001                        ASSERT (((_vector_spacing == 0x0) || (SIZEOF (.vector_31) <= (_vector_spacing << 0x5))), function at exception vector 31 too large)

.vector_32      0x9d01f600        0x8
 *(.vector_32)
 .vector_32     0x9d01f600        0x8 build/default/debug/_ext/1171490990/interrupts.o
                0x9d01f600                __vector_dispatch_32
                0x00000001                        ASSERT (((_vector_spacing == 0x0) || (SIZEOF (.vector_32) <= (_vector_spacing << 0x5))), function at exception vector 32 too large)

.vector_33      0x9d01f620        0x8
 *(.vector_33)
 .vector_33     0x9d01f620        0x8 C:/Program Files/Microchip/xc32/v5.10/bin/bin/../../lib/gcc/pic32m/13.2.1/../../../../pic32m/lib\libpic32.a(vector33.o)
                0x9d01f620                __vector_dispatch_33
                0x00000001                        ASSERT (((_vector_spacing == 0x0) || (SIZEOF (.vector_33) <= (_vector_spacing << 0x5))), function at exception vector 33 too large)

.vector_34      0x9d01f640        0x8
 *(.vector_34)
 .vector_34     0x9d01f640        0x8 C:/Program Files/Microchip/xc32/v5.10/bin/bin/../../lib/gcc/pic32m/13.2.1/../../../../pic32m/lib\libpic32.a(vector34.o)
                0x9d01f640                __vector_dispatch_34
                0x00000001                        ASSERT (((_vector_spacing == 0x0) || (SIZEOF (.vector_34) <= (_vector_spacing << 0x5))), function at exception vector 34 too large)

.vector_35      0x9d01f660        0x8
 *(.vector_35)
 .vector_35     0x9d01f660        0x8 C:/Program Files/Microchip/xc32/v5.10/bin/bin/../../lib/gcc/pic32m/13.2.1/../../../../pic32m/lib\libpic32.a(vector35.o)
                0x9d01f660                __vector_dispatch_35
                0x00000001                        ASSERT (((_vector_spacing == 0x0) || (SIZEOF (.vector_35) <= (_vector_spacing << 0x5))), function at exception vector 35 too large)

.vector_36      0x9d01f680        0x8
 *(.vector_36)
 .vector_36     0x9d01f680        0x8 C:/Program Files/Microchip/xc32/v5.10/bin/bin/../../lib/gcc/pic32m/13.2.1/../../../../pic32m/lib\libpic32.a(vector36.o)
                0x9d01f680                __vector_dispatch_36
                0x00000001                        ASSERT (((_vector_spacing == 0x0) || (SIZEOF (.vector_36) <= (_vector_spacing << 0x5))), function at exception vector 36 too large)

.vector_37      0x9d01f6a0        0x8
 *(.vector_37)
 .vector_37     0x9d01f6a0        0x8 C:/Program Files/Microchip/xc32/v5.10/bin/bin/../../lib/gcc/pic32m/13.2.1/../../../../pic32m/lib\libpic32.a(vector37.o)
                0x9d01f6a0                __vector_dispatch_37
                0x00000001                        ASSERT (((_vector_spacing == 0x0) || (SIZEOF (.vector_37) <= (_vector_spacing << 0x5))), function at exception vector 37 too large)

.vector_38      0x9d01f6c0        0x8
 *(.vector_38)
 .vector_38     0x9d01f6c0        0x8 C:/Program Files/Microchip/xc32/v5.10/bin/bin/../../lib/gcc/pic32m/13.2.1/../../../../pic32m/lib\libpic32.a(vector38.o)
                0x9d01f6c0                __vector_dispatch_38
                0x00000001                        ASSERT (((_vector_spacing == 0x0) || (SIZEOF (.vector_38) <= (_vector_spacing << 0x5))), function at exception vector 38 too large)

.vector_39      0x9d01f6e0        0x8
 *(.vector_39)
 .vector_39     0x9d01f6e0        0x8 C:/Program Files/Microchip/xc32/v5.10/bin/bin/../../lib/gcc/pic32m/13.2.1/../../../../pic32m/lib\libpic32.a(vector39.o)
                0x9d01f6e0                __vector_dispatch_39
                0x00000001                        ASSERT (((_vector_spacing == 0x0) || (SIZEOF (.vector_39) <= (_vector_spacing << 0x5))), function at exception vector 39 too large)

.vector_40      0x9d01f700        0x8
 *(.vector_40)
 .vector_40     0x9d01f700        0x8 C:/Program Files/Microchip/xc32/v5.10/bin/bin/../../lib/gcc/pic32m/13.2.1/../../../../pic32m/lib\libpic32.a(vector40.o)
                0x9d01f700                __vector_dispatch_40
                0x00000001                        ASSERT (((_vector_spacing == 0x0) || (SIZEOF (.vector_40) <= (_vector_spacing << 0x5))), function at exception vector 40 too large)

.vector_41      0x9d01f720        0x8
 *(.vector_41)
 .vector_41     0x9d01f720        0x8 C:/Program Files/Microchip/xc32/v5.10/bin/bin/../../lib/gcc/pic32m/13.2.1/../../../../pic32m/lib\libpic32.a(vector41.o)
                0x9d01f720                __vector_dispatch_41
                0x00000001                        ASSERT (((_vector_spacing == 0x0) || (SIZEOF (.vector_41) <= (_vector_spacing << 0x5))), function at exception vector 41 too large)

.vector_42      0x9d01f740        0x8
 *(.vector_42)
 .vector_42     0x9d01f740        0x8 C:/Program Files/Microchip/xc32/v5.10/bin/bin/../../lib/gcc/pic32m/13.2.1/../../../../pic32m/lib\libpic32.a(vector42.o)
                0x9d01f740                __vector_dispatch_42
                0x00000001                        ASSERT (((_vector_spacing == 0x0) || (SIZEOF (.vector_42) <= (_vector_spacing << 0x5))), function at exception vector 42 too large)

.vector_43      0x9d01f760        0x8
 *(.vector_43)
 .vector_43     0x9d01f760        0x8 C:/Program Files/Microchip/xc32/v5.10/bin/bin/../../lib/gcc/pic32m/13.2.1/../../../../pic32m/lib\libpic32.a(vector43.o)
                0x9d01f760                __vector_dispatch_43
                0x00000001                        ASSERT (((_vector_spacing == 0x0) || (SIZEOF (.vector_43) <= (_vector_spacing << 0x5))), function at exception vector 43 too large)

.vector_44
 *(.vector_44)
                0x00000001                        ASSERT (((_vector_spacing == 0x0) || (SIZEOF (.vector_44) <= (_vector_spacing << 0x5))), function at exception vector 44 too large)

.vector_45
 *(.vector_45)
                0x00000001                        ASSERT (((_vector_spacing == 0x0) || (SIZEOF (.vector_45) <= (_vector_spacing << 0x5))), function at exception vector 45 too large)

.vector_46
 *(.vector_46)
                0x00000001                        ASSERT (((_vector_spacing == 0x0) || (SIZEOF (.vector_46) <= (_vector_spacing << 0x5))), function at exception vector 46 too large)

.vector_47
 *(.vector_47)
                0x00000001                        ASSERT (((_vector_spacing == 0x0) || (SIZEOF (.vector_47) <= (_vector_spacing << 0x5))), function at exception vector 47 too large)

.vector_48
 *(.vector_48)
                0x00000001                        ASSERT (((_vector_spacing == 0x0) || (SIZEOF (.vector_48) <= (_vector_spacing << 0x5))), function at exception vector 48 too large)

.vector_49
 *(.vector_49)
                0x00000001                        ASSERT (((_vector_spacing == 0x0) || (SIZEOF (.vector_49) <= (_vector_spacing << 0x5))), function at exception vector 49 too large)

.vector_50
 *(.vector_50)
                0x00000001                        ASSERT (((_vector_spacing == 0x0) || (SIZEOF (.vector_50) <= (_vector_spacing << 0x5))), function at exception vector 50 too large)

.vector_51
 *(.vector_51)
                0x00000001                        ASSERT (((_vector_spacing == 0x0) || (SIZEOF (.vector_51) <= (_vector_spacing << 0x5))), function at exception vector 51 too large)

.vector_52
 *(.vector_52)
                0x00000001                        ASSERT (((_vector_spacing == 0x0) || (SIZEOF (.vector_52) <= (_vector_spacing << 0x5))), function at exception vector 52 too large)

.vector_53
 *(.vector_53)
                0x00000001                        ASSERT (((_vector_spacing == 0x0) || (SIZEOF (.vector_53) <= (_vector_spacing << 0x5))), function at exception vector 53 too large)

.vector_54
 *(.vector_54)
                0x00000001                        ASSERT (((_vector_spacing == 0x0) || (SIZEOF (.vector_54) <= (_vector_spacing << 0x5))), function at exception vector 54 too large)

.vector_55
 *(.vector_55)
                0x00000001                        ASSERT (((_vector_spacing == 0x0) || (SIZEOF (.vector_55) <= (_vector_spacing << 0x5))), function at exception vector 55 too large)

.vector_56
 *(.vector_56)
                0x00000001                        ASSERT (((_vector_spacing == 0x0) || (SIZEOF (.vector_56) <= (_vector_spacing << 0x5))), function at exception vector 56 too large)

.vector_57
 *(.vector_57)
                0x00000001                        ASSERT (((_vector_spacing == 0x0) || (SIZEOF (.vector_57) <= (_vector_spacing << 0x5))), function at exception vector 57 too large)

.vector_58
 *(.vector_58)
                0x00000001                        ASSERT (((_vector_spacing == 0x0) || (SIZEOF (.vector_58) <= (_vector_spacing << 0x5))), function at exception vector 58 too large)

.vector_59
 *(.vector_59)
                0x00000001                        ASSERT (((_vector_spacing == 0x0) || (SIZEOF (.vector_59) <= (_vector_spacing << 0x5))), function at exception vector 59 too large)

.vector_60
 *(.vector_60)
                0x00000001                        ASSERT (((_vector_spacing == 0x0) || (SIZEOF (.vector_60) <= (_vector_spacing << 0x5))), function at exception vector 60 too large)

.vector_61
 *(.vector_61)
                0x00000001                        ASSERT (((_vector_spacing == 0x0) || (SIZEOF (.vector_61) <= (_vector_spacing << 0x5))), function at exception vector 61 too large)

.vector_62
 *(.vector_62)
                0x00000001                        ASSERT (((_vector_spacing == 0x0) || (SIZEOF (.vector_62) <= (_vector_spacing << 0x5))), function at exception vector 62 too large)

.vector_63
 *(.vector_63)
                0x00000001                        ASSERT (((_vector_spacing == 0x0) || (SIZEOF (.vector_63) <= (_vector_spacing << 0x5))), function at exception vector 63 too large)

.startup
 *(.startup)

.text           0x9d000000        0x0
 *(.stub .gnu.linkonce.t.*)
 *(.text.*personality*)
 *(.mips16.fn.*)
 *(.mips16.call.*)
 *(.gnu.warning)
                0x9d000000                        . = ALIGN (0x4)

.init           0x9d000000        0x0
 *crti.o(.init)
 *crtbegin.o(.init)
 *(EXCLUDE_FILE(*crtn.o *crtend?.o *crtend.o) .init)
 *crtend.o(.init)
 *crtn.o(.init)
                0x9d000000                        . = ALIGN (0x4)

.fini           0x9d000000        0x0
 *(.fini)
                0x9d000000                        . = ALIGN (0x4)

.preinit_array  0x9d000000        0x0
                [!provide]                        PROVIDE (__preinit_array_start = .)
 *(.preinit_array)
                [!provide]                        PROVIDE (__preinit_array_end = .)
                0x9d000000                        . = ALIGN (0x4)

.init_array     0x9d000000        0x0
                [!provide]                        PROVIDE (__init_array_start = .)
 *(SORT_BY_NAME(.init_array.*))
 *(.init_array)
                [!provide]                        PROVIDE (__init_array_end = .)
                0x9d000000                        . = ALIGN (0x4)

.fini_array     0x9d000000        0x0
                [!provide]                        PROVIDE (__fini_array_start = .)
 *(SORT_BY_NAME(.fini_array.*))
 *(.fini_array)
                [!provide]                        PROVIDE (__fini_array_end = .)
                0x9d000000                        . = ALIGN (0x4)

.ctors          0x9d000000        0x0
 *crtbegin.o(.ctors)
 *crtbegin?.o(.ctors)
 *(EXCLUDE_FILE(*crtend?.o *crtend.o) .ctors)
 *(SORT_BY_NAME(.ctors.*))
 *(.ctors)
                0x9d000000                        . = ALIGN (0x4)

.dtors          0x9d000000        0x0
 *crtbegin.o(.dtors)
 *crtbegin?.o(.dtors)
 *(EXCLUDE_FILE(*crtend?.o *crtend.o) .dtors)
 *(SORT_BY_NAME(.dtors.*))
 *(.dtors)
                0x9d000000                        . = ALIGN (0x4)

.rodata         0x9d000000        0x0
 *(.gnu.linkonce.r.*)
 *(.rodata1)
                0x9d000000                        . = ALIGN (0x4)

.sdata2         0x9d000000        0x0
 *(.sdata2 .sdata2.* .gnu.linkonce.s2.*)
                0x9d000000                        . = ALIGN (0x4)

.sbss2          0x9d000000        0x0
 *(.sbss2 .sbss2.* .gnu.linkonce.sb2.*)
                0x9d000000                        . = ALIGN (0x4)

.eh_frame_hdr
 *(.eh_frame_hdr)
                0x9d000000                        . = ALIGN (0x4)

.eh_frame
 *(.eh_frame)
                0x9d000000                        . = ALIGN (0x4)

.gcc_except_table
 *(.gcc_except_table .gcc_except_table.*)
                0x9d000000                        . = ALIGN (0x4)

.dbg_data       0xa0000000      0x200
                0xa0000200                        . = (. + DEFINED (_DEBUGGER)?0x200:0x0)
 *fill*         0xa0000000      0x200 

.jcr            0xa0000200        0x0
 *(.jcr)
                0xa0000200                        . = ALIGN (0x4)

.eh_frame
 *(.eh_frame)
                0xa0000200                        . = ALIGN (0x4)

.gcc_except_table
 *(.gcc_except_table .gcc_except_table.*)
                0xa0000200                        . = ALIGN (0x4)

.persist        0xa0000200        0x0
                0xa0000200                        _persist_begin = .
 *(.persist .persist.*)
                0xa0000200                        . = ALIGN (0x4)
                0xa0000200                        _persist_end = .

.data           0xa0000200        0x0
 *(.gnu.linkonce.d.*)
 *(.data1)
                0xa0000200                        . = ALIGN (0x4)
                0xa0000200                        . = .
                0xa00081f0                        _gp = (ALIGN (0x10) + 0x7ff0)

.got            0xa0000200        0x0
 *(.got.plt)
 *(.got)
                0xa0000200                        . = ALIGN (0x4)

.sdata          0xa0000200        0x0
                0xa0000200                        _sdata_begin = .
 *(.sdata .sdata.* .gnu.linkonce.s.*)
                0xa0000200                        . = ALIGN (0x4)
                0xa0000200                        _sdata_end = .

.lit8
 *(.lit8)

.lit4
 *(.lit4)
                0xa0000200                        . = ALIGN (0x4)
                0xa0000200                        _data_end = .
                0xa0000200                        _bss_begin = .

.sbss           0xa0000200        0x0
                0xa0000200                        _sbss_begin = .
 *(.dynsbss)
 *(.sbss .sbss.* .gnu.linkonce.sb.*)
 *(.scommon)
                0xa0000200                        _sbss_end = .
                0xa0000200                        . = ALIGN (0x4)

.bss            0xa0000200        0x0
 *(.dynbss)
 *(COMMON)
                0xa0000200                        . = ALIGN ((. != 0x0)?0x4:0x1)
                0xa0000200                        . = ALIGN (0x4)
                0xa0000200                        _end = .
                0xa0000200                        _bss_end = .
                0x00008000                        _bmxdudba_address = LENGTH (kseg1_data_mem)
                0x00008000                        _bmxdupba_address = LENGTH (kseg1_data_mem)

/DISCARD/
 *(.pdr)

.gptab.sdata
 *(.gptab.data)
 *(.gptab.sdata)

.gptab.sbss
 *(.gptab.bss)
 *(.gptab.sbss)

.mdebug.abi32   0x00000000        0x0
 *(.mdebug.abi32)
 .mdebug.abi32  0x00000000        0x0 build/default/debug/_ext/1865657120/plib_uart1.o
 .mdebug.abi32  0x00000000        0x0 build/default/debug/_ext/1360937237/main.o
 .mdebug.abi32  0x00000000        0x0 build/default/debug/_ext/1171490990/initialization.o
 .mdebug.abi32  0x00000000        0x0 build/default/debug/_ext/1171490990/interrupts.o
 .mdebug.abi32  0x00000000        0x0 build/default/debug/_ext/1171490990/exceptions.o
 .mdebug.abi32  0x00000000        0x0 build/default/debug/_ext/163028504/xc32_monitor.o
 .mdebug.abi32  0x00000000        0x0 build/default/debug/_ext/60165520/plib_clk.o
 .mdebug.abi32  0x00000000        0x0 build/default/debug/_ext/1865254177/plib_gpio.o
 .mdebug.abi32  0x00000000        0x0 build/default/debug/_ext/1865200349/plib_evic.o
 .mdebug.abi32  0x00000000        0x0 build/default/debug/_ext/298189674/plib_spi1_master.o
 .mdebug.abi32  0x00000000        0x0 C:/Program Files/Microchip/xc32/v5.10/bin/bin/../../lib/gcc/pic32m/13.2.1/../../../../pic32m/lib\software-debug-break.o
 .mdebug.abi32  0x00000000        0x0 C:/Program Files/Microchip/xc32/v5.10/bin/bin/../../lib/gcc/pic32m/13.2.1/../../../../pic32m/lib\libpic32.a(default-on-reset.o)
 .mdebug.abi32  0x00000000        0x0 C:/Program Files/Microchip/xc32/v5.10/bin/bin/../../lib/gcc/pic32m/13.2.1/../../../../pic32m/lib\libpic32.a(default-on-bootstrap.o)
 .mdebug.abi32  0x00000000        0x0 C:/Program Files/Microchip/xc32/v5.10/bin/bin/../../lib/gcc/pic32m/13.2.1/../../../../pic32m/lib\libpic32.a(defaultinterrupt.o)

.mdebug.abiN32
 *(.mdebug.abiN32)

.mdebug.abi64
 *(.mdebug.abi64)

.mdebug.abiO64
 *(.mdebug.abiO64)

.mdebug.eabi32
 *(.mdebug.eabi32)

.mdebug.eabi64
 *(.mdebug.eabi64)

.gcc_compiled_long32
 *(.gcc_compiled_long32)

.gcc_compiled_long64
 *(.gcc_compiled_long64)

.stab
 *(.stab)

.stabstr
 *(.stabstr)

.stab.excl
 *(.stab.excl)

.stab.exclstr
 *(.stab.exclstr)

.stab.index
 *(.stab.index)

.stab.indexstr
 *(.stab.indexstr)

.comment        0x00000000       0x35
 *(.comment)
 .comment       0x00000000       0x35 build/default/debug/_ext/1865657120/plib_uart1.o
                                 0x36 (size before relaxing)
 .comment       0x00000035       0x36 build/default/debug/_ext/1360937237/main.o
 .comment       0x00000035       0x36 build/default/debug/_ext/1171490990/initialization.o
 .comment       0x00000035       0x36 build/default/debug/_ext/1171490990/interrupts.o
 .comment       0x00000035       0x36 build/default/debug/_ext/1171490990/exceptions.o
 .comment       0x00000035       0x36 build/default/debug/_ext/60165520/plib_clk.o
 .comment       0x00000035       0x36 build/default/debug/_ext/1865254177/plib_gpio.o
 .comment       0x00000035       0x36 build/default/debug/_ext/1865200349/plib_evic.o
 .comment       0x00000035       0x36 build/default/debug/_ext/298189674/plib_spi1_master.o
 .comment       0x00000035       0x36 C:/Program Files/Microchip/xc32/v5.10/bin/bin/../../lib/gcc/pic32m/13.2.1/../../../../pic32m/lib\software-debug-break.o
 .comment       0x00000035       0x36 C:/Program Files/Microchip/xc32/v5.10/bin/bin/../../lib/gcc/pic32m/13.2.1/../../../../pic32m/lib\libpic32.a(default-on-reset.o)
 .comment       0x00000035       0x36 C:/Program Files/Microchip/xc32/v5.10/bin/bin/../../lib/gcc/pic32m/13.2.1/../../../../pic32m/lib\libpic32.a(default-on-bootstrap.o)
 .comment       0x00000035       0x36 C:/Program Files/Microchip/xc32/v5.10/bin/bin/../../lib/gcc/pic32m/13.2.1/../../../../pic32m/lib\libpic32.a(defaultinterrupt.o)

.debug
 *.elf(.debug)
 *(.debug)

.line
 *.elf(.line)
 *(.line)

.debug_srcinfo
 *.elf(.debug_srcinfo)
 *(.debug_srcinfo)

.debug_sfnames
 *.elf(.debug_sfnames)
 *(.debug_sfnames)

.debug_aranges  0x00000000      0x380
 *.elf(.debug_aranges)
 *(.debug_aranges)
 .debug_aranges
                0x00000000       0xb8 build/default/debug/_ext/1865657120/plib_uart1.o
 .debug_aranges
                0x000000b8       0x20 build/default/debug/_ext/1360937237/main.o
 .debug_aranges
                0x000000d8       0x20 build/default/debug/_ext/1171490990/initialization.o
 .debug_aranges
                0x000000f8       0x38 build/default/debug/_ext/1171490990/interrupts.o
 .debug_aranges
                0x00000130       0x28 build/default/debug/_ext/1171490990/exceptions.o
 .debug_aranges
                0x00000158       0x20 build/default/debug/_ext/60165520/plib_clk.o
 .debug_aranges
                0x00000178       0x60 build/default/debug/_ext/1865254177/plib_gpio.o
 .debug_aranges
                0x000001d8       0x78 build/default/debug/_ext/1865200349/plib_evic.o
 .debug_aranges
                0x00000250       0x70 build/default/debug/_ext/298189674/plib_spi1_master.o
 .debug_aranges
                0x000002c0       0x40 C:\Users\Moata\AppData\Local\Temp\ccCP9Bs1.o
 .debug_aranges
                0x00000300       0x20 C:/Program Files/Microchip/xc32/v5.10/bin/bin/../../lib/gcc/pic32m/13.2.1/../../../../pic32m/lib\software-debug-break.o
 .debug_aranges
                0x00000320       0x20 C:/Program Files/Microchip/xc32/v5.10/bin/bin/../../lib/gcc/pic32m/13.2.1/../../../../pic32m/lib\libpic32.a(default-on-reset.o)
 .debug_aranges
                0x00000340       0x20 C:/Program Files/Microchip/xc32/v5.10/bin/bin/../../lib/gcc/pic32m/13.2.1/../../../../pic32m/lib\libpic32.a(default-on-bootstrap.o)
 .debug_aranges
                0x00000360       0x20 C:/Program Files/Microchip/xc32/v5.10/bin/bin/../../lib/gcc/pic32m/13.2.1/../../../../pic32m/lib\libpic32.a(defaultinterrupt.o)

.debug_pubnames
 *.elf(.debug_pubnames)
 *(.debug_pubnames)

.debug_info     0x00000000     0x2280
 *.elf(.debug_info .gnu.linkonce.wi.*)
 *(.debug_info .gnu.linkonce.wi.*)
 .debug_info    0x00000000      0x85c build/default/debug/_ext/1865657120/plib_uart1.o
 .debug_info    0x0000085c      0x12a build/default/debug/_ext/1360937237/main.o
 .debug_info    0x00000986      0x284 build/default/debug/_ext/1171490990/initialization.o
 .debug_info    0x00000c0a       0xe8 build/default/debug/_ext/1171490990/interrupts.o
 .debug_info    0x00000cf2      0x10c build/default/debug/_ext/1171490990/exceptions.o
 .debug_info    0x00000dfe      0x3f1 build/default/debug/_ext/60165520/plib_clk.o
 .debug_info    0x000011ef      0x311 build/default/debug/_ext/1865254177/plib_gpio.o
 .debug_info    0x00001500      0x469 build/default/debug/_ext/1865200349/plib_evic.o
 .debug_info    0x00001969      0x753 build/default/debug/_ext/298189674/plib_spi1_master.o
 .debug_info    0x000020bc       0x69 C:\Users\Moata\AppData\Local\Temp\ccCP9Bs1.o
 .debug_info    0x00002125       0x40 C:/Program Files/Microchip/xc32/v5.10/bin/bin/../../lib/gcc/pic32m/13.2.1/../../../../pic32m/lib\software-debug-break.o
 .debug_info    0x00002165       0x40 C:/Program Files/Microchip/xc32/v5.10/bin/bin/../../lib/gcc/pic32m/13.2.1/../../../../pic32m/lib\libpic32.a(default-on-reset.o)
 .debug_info    0x000021a5       0x40 C:/Program Files/Microchip/xc32/v5.10/bin/bin/../../lib/gcc/pic32m/13.2.1/../../../../pic32m/lib\libpic32.a(default-on-bootstrap.o)
 .debug_info    0x000021e5       0x9b C:/Program Files/Microchip/xc32/v5.10/bin/bin/../../lib/gcc/pic32m/13.2.1/../../../../pic32m/lib\libpic32.a(defaultinterrupt.o)

.debug_abbrev   0x00000000      0xc70
 *.elf(.debug_abbrev)
 *(.debug_abbrev)
 .debug_abbrev  0x00000000      0x26d build/default/debug/_ext/1865657120/plib_uart1.o
 .debug_abbrev  0x0000026d       0xb5 build/default/debug/_ext/1360937237/main.o
 .debug_abbrev  0x00000322      0x149 build/default/debug/_ext/1171490990/initialization.o
 .debug_abbrev  0x0000046b       0x80 build/default/debug/_ext/1171490990/interrupts.o
 .debug_abbrev  0x000004eb       0x98 build/default/debug/_ext/1171490990/exceptions.o
 .debug_abbrev  0x00000583       0xde build/default/debug/_ext/60165520/plib_clk.o
 .debug_abbrev  0x00000661       0xe0 build/default/debug/_ext/1865254177/plib_gpio.o
 .debug_abbrev  0x00000741      0x195 build/default/debug/_ext/1865200349/plib_evic.o
 .debug_abbrev  0x000008d6      0x258 build/default/debug/_ext/298189674/plib_spi1_master.o
 .debug_abbrev  0x00000b2e       0x1f C:\Users\Moata\AppData\Local\Temp\ccCP9Bs1.o
 .debug_abbrev  0x00000b4d       0x30 C:/Program Files/Microchip/xc32/v5.10/bin/bin/../../lib/gcc/pic32m/13.2.1/../../../../pic32m/lib\software-debug-break.o
 .debug_abbrev  0x00000b7d       0x30 C:/Program Files/Microchip/xc32/v5.10/bin/bin/../../lib/gcc/pic32m/13.2.1/../../../../pic32m/lib\libpic32.a(default-on-reset.o)
 .debug_abbrev  0x00000bad       0x30 C:/Program Files/Microchip/xc32/v5.10/bin/bin/../../lib/gcc/pic32m/13.2.1/../../../../pic32m/lib\libpic32.a(default-on-bootstrap.o)
 .debug_abbrev  0x00000bdd       0x93 C:/Program Files/Microchip/xc32/v5.10/bin/bin/../../lib/gcc/pic32m/13.2.1/../../../../pic32m/lib\libpic32.a(defaultinterrupt.o)

.debug_line     0x00000000     0x22e2
 *.elf(.debug_line)
 *(.debug_line)
 .debug_line    0x00000000      0x8b2 build/default/debug/_ext/1865657120/plib_uart1.o
 .debug_line    0x000008b2      0x116 build/default/debug/_ext/1360937237/main.o
 .debug_line    0x000009c8      0x2b2 build/default/debug/_ext/1171490990/initialization.o
 .debug_line    0x00000c7a       0xb1 build/default/debug/_ext/1171490990/interrupts.o
 .debug_line    0x00000d2b      0x13f build/default/debug/_ext/1171490990/exceptions.o
 .debug_line    0x00000e6a      0x163 build/default/debug/_ext/60165520/plib_clk.o
 .debug_line    0x00000fcd      0x245 build/default/debug/_ext/1865254177/plib_gpio.o
 .debug_line    0x00001212      0x373 build/default/debug/_ext/1865200349/plib_evic.o
 .debug_line    0x00001585      0x951 build/default/debug/_ext/298189674/plib_spi1_master.o
 .debug_line    0x00001ed6      0x13a C:\Users\Moata\AppData\Local\Temp\ccCP9Bs1.o
 .debug_line    0x00002010       0xb1 C:/Program Files/Microchip/xc32/v5.10/bin/bin/../../lib/gcc/pic32m/13.2.1/../../../../pic32m/lib\software-debug-break.o
 .debug_line    0x000020c1       0xa5 C:/Program Files/Microchip/xc32/v5.10/bin/bin/../../lib/gcc/pic32m/13.2.1/../../../../pic32m/lib\libpic32.a(default-on-reset.o)
 .debug_line    0x00002166       0xa9 C:/Program Files/Microchip/xc32/v5.10/bin/bin/../../lib/gcc/pic32m/13.2.1/../../../../pic32m/lib\libpic32.a(default-on-bootstrap.o)
 .debug_line    0x0000220f       0xd3 C:/Program Files/Microchip/xc32/v5.10/bin/bin/../../lib/gcc/pic32m/13.2.1/../../../../pic32m/lib\libpic32.a(defaultinterrupt.o)

.debug_frame    0x00000000      0x648
 *.elf(.debug_frame)
 *(.debug_frame)
 .debug_frame   0x00000000      0x194 build/default/debug/_ext/1865657120/plib_uart1.o
 .debug_frame   0x00000194       0x2c build/default/debug/_ext/1360937237/main.o
 .debug_frame   0x000001c0       0x2c build/default/debug/_ext/1171490990/initialization.o
 .debug_frame   0x000001ec       0xd0 build/default/debug/_ext/1171490990/interrupts.o
 .debug_frame   0x000002bc       0x40 build/default/debug/_ext/1171490990/exceptions.o
 .debug_frame   0x000002fc       0x20 build/default/debug/_ext/60165520/plib_clk.o
 .debug_frame   0x0000031c       0xa0 build/default/debug/_ext/1865254177/plib_gpio.o
 .debug_frame   0x000003bc      0x110 build/default/debug/_ext/1865200349/plib_evic.o
 .debug_frame   0x000004cc       0xfc build/default/debug/_ext/298189674/plib_spi1_master.o
 .debug_frame   0x000005c8       0x20 C:/Program Files/Microchip/xc32/v5.10/bin/bin/../../lib/gcc/pic32m/13.2.1/../../../../pic32m/lib\software-debug-break.o
 .debug_frame   0x000005e8       0x20 C:/Program Files/Microchip/xc32/v5.10/bin/bin/../../lib/gcc/pic32m/13.2.1/../../../../pic32m/lib\libpic32.a(default-on-reset.o)
 .debug_frame   0x00000608       0x20 C:/Program Files/Microchip/xc32/v5.10/bin/bin/../../lib/gcc/pic32m/13.2.1/../../../../pic32m/lib\libpic32.a(default-on-bootstrap.o)
 .debug_frame   0x00000628       0x20 C:/Program Files/Microchip/xc32/v5.10/bin/bin/../../lib/gcc/pic32m/13.2.1/../../../../pic32m/lib\libpic32.a(defaultinterrupt.o)

.debug_str      0x00000000     0x17b3
 *.elf(.debug_str)
 *(.debug_str)
 .debug_str     0x00000000     0x17b3 build/default/debug/_ext/1865657120/plib_uart1.o
                                0x713 (size before relaxing)
 .debug_str     0x000017b3      0x35d build/default/debug/_ext/1360937237/main.o
 .debug_str     0x000017b3      0x47f build/default/debug/_ext/1171490990/initialization.o
 .debug_str     0x000017b3      0x398 build/default/debug/_ext/1171490990/interrupts.o
 .debug_str     0x000017b3      0x3db build/default/debug/_ext/1171490990/exceptions.o
 .debug_str     0x000017b3      0x490 build/default/debug/_ext/60165520/plib_clk.o
 .debug_str     0x000017b3      0x444 build/default/debug/_ext/1865254177/plib_gpio.o
 .debug_str     0x000017b3      0x512 build/default/debug/_ext/1865200349/plib_evic.o
 .debug_str     0x000017b3      0x73d build/default/debug/_ext/298189674/plib_spi1_master.o
 .debug_str     0x000017b3       0xf3 C:\Users\Moata\AppData\Local\Temp\ccCP9Bs1.o
 .debug_str     0x000017b3      0x2cd C:/Program Files/Microchip/xc32/v5.10/bin/bin/../../lib/gcc/pic32m/13.2.1/../../../../pic32m/lib\software-debug-break.o
 .debug_str     0x000017b3      0x2b7 C:/Program Files/Microchip/xc32/v5.10/bin/bin/../../lib/gcc/pic32m/13.2.1/../../../../pic32m/lib\libpic32.a(default-on-reset.o)
 .debug_str     0x000017b3      0x2bf C:/Program Files/Microchip/xc32/v5.10/bin/bin/../../lib/gcc/pic32m/13.2.1/../../../../pic32m/lib\libpic32.a(default-on-bootstrap.o)
 .debug_str     0x000017b3      0x349 C:/Program Files/Microchip/xc32/v5.10/bin/bin/../../lib/gcc/pic32m/13.2.1/../../../../pic32m/lib\libpic32.a(defaultinterrupt.o)

.debug_loc      0x00000000     0x1025
 *.elf(.debug_loc)
 *(.debug_loc)
 .debug_loc     0x00000000      0x5c0 build/default/debug/_ext/1865657120/plib_uart1.o
 .debug_loc     0x000005c0       0x20 build/default/debug/_ext/1360937237/main.o
 .debug_loc     0x000005e0       0x57 build/default/debug/_ext/1171490990/initialization.o
 .debug_loc     0x00000637       0x8e build/default/debug/_ext/1171490990/interrupts.o
 .debug_loc     0x000006c5       0x40 build/default/debug/_ext/1171490990/exceptions.o
 .debug_loc     0x00000705      0x183 build/default/debug/_ext/1865254177/plib_gpio.o
 .debug_loc     0x00000888      0x29d build/default/debug/_ext/1865200349/plib_evic.o
 .debug_loc     0x00000b25      0x500 build/default/debug/_ext/298189674/plib_spi1_master.o

.debug_macinfo
 *.elf(.debug_macinfo)
 *(.debug_macinfo)

.debug_weaknames
 *.elf(.debug_weaknames)
 *(.debug_weaknames)

.debug_funcnames
 *.elf(.debug_funcnames)
 *(.debug_funcnames)

.debug_typenames
 *.elf(.debug_typenames)
 *(.debug_typenames)

.debug_varnames
 *.elf(.debug_varnames)
 *(.debug_varnames)

.debug_pubtypes
 *.elf(.debug_pubtypes)
 *(.debug_pubtypes)

.debug_ranges   0x00000000      0x370
 *.elf(.debug_ranges)
 *(.debug_ranges)
 .debug_ranges  0x00000000      0x100 build/default/debug/_ext/1865657120/plib_uart1.o
 .debug_ranges  0x00000100       0x10 build/default/debug/_ext/1360937237/main.o
 .debug_ranges  0x00000110       0x10 build/default/debug/_ext/1171490990/initialization.o
 .debug_ranges  0x00000120       0x28 build/default/debug/_ext/1171490990/interrupts.o
 .debug_ranges  0x00000148       0x18 build/default/debug/_ext/1171490990/exceptions.o
 .debug_ranges  0x00000160       0x10 build/default/debug/_ext/60165520/plib_clk.o
 .debug_ranges  0x00000170       0x50 build/default/debug/_ext/1865254177/plib_gpio.o
 .debug_ranges  0x000001c0       0x68 build/default/debug/_ext/1865200349/plib_evic.o
 .debug_ranges  0x00000228       0xd0 build/default/debug/_ext/298189674/plib_spi1_master.o
 .debug_ranges  0x000002f8       0x38 C:\Users\Moata\AppData\Local\Temp\ccCP9Bs1.o
 .debug_ranges  0x00000330       0x10 C:/Program Files/Microchip/xc32/v5.10/bin/bin/../../lib/gcc/pic32m/13.2.1/../../../../pic32m/lib\software-debug-break.o
 .debug_ranges  0x00000340       0x10 C:/Program Files/Microchip/xc32/v5.10/bin/bin/../../lib/gcc/pic32m/13.2.1/../../../../pic32m/lib\libpic32.a(default-on-reset.o)
 .debug_ranges  0x00000350       0x10 C:/Program Files/Microchip/xc32/v5.10/bin/bin/../../lib/gcc/pic32m/13.2.1/../../../../pic32m/lib\libpic32.a(default-on-bootstrap.o)
 .debug_ranges  0x00000360       0x10 C:/Program Files/Microchip/xc32/v5.10/bin/bin/../../lib/gcc/pic32m/13.2.1/../../../../pic32m/lib\libpic32.a(defaultinterrupt.o)

/DISCARD/
 *(.rel.dyn)

.gnu.attributes
                0x00000000       0x10
 *(.gnu.attributes)
 .gnu.attributes
                0x00000000       0x10 build/default/debug/_ext/1865657120/plib_uart1.o
 .gnu.attributes
                0x00000010       0x10 build/default/debug/_ext/1360937237/main.o
 .gnu.attributes
                0x00000020       0x10 build/default/debug/_ext/1171490990/initialization.o
 .gnu.attributes
                0x00000030       0x10 build/default/debug/_ext/1171490990/interrupts.o
 .gnu.attributes
                0x00000040       0x10 build/default/debug/_ext/1171490990/exceptions.o
 .gnu.attributes
                0x00000050       0x10 build/default/debug/_ext/163028504/xc32_monitor.o
 .gnu.attributes
                0x00000060       0x10 build/default/debug/_ext/60165520/plib_clk.o
 .gnu.attributes
                0x00000070       0x10 build/default/debug/_ext/1865254177/plib_gpio.o
 .gnu.attributes
                0x00000080       0x10 build/default/debug/_ext/1865200349/plib_evic.o
 .gnu.attributes
                0x00000090       0x10 build/default/debug/_ext/298189674/plib_spi1_master.o
 .gnu.attributes
                0x000000a0       0x10 C:\Users\Moata\AppData\Local\Temp\ccCP9Bs1.o
 .gnu.attributes
                0x000000b0       0x10 C:\Users\Moata\AppData\Local\Temp\ccv4vai2.o
 .gnu.attributes
                0x000000c0       0x10 C:\Users\Moata\AppData\Local\Temp\ccJbvORd.o
 .gnu.attributes
                0x000000d0       0x10 C:/Program Files/Microchip/xc32/v5.10/bin/bin/../../lib/gcc/pic32m/13.2.1/../../../../pic32m/lib\software-debug-break.o
 .gnu.attributes
                0x000000e0       0x10 C:/Program Files/Microchip/xc32/v5.10/bin/bin/../../lib/gcc/pic32m/13.2.1/../../../../pic32m/lib\pic32_software_reset.o
 .gnu.attributes
                0x000000f0       0x10 C:/Program Files/Microchip/xc32/v5.10/bin/bin/../../lib/gcc/pic32m/13.2.1/../../../../pic32m/lib\libpic32.a(default-on-reset.o)
 .gnu.attributes
                0x00000100       0x10 C:/Program Files/Microchip/xc32/v5.10/bin/bin/../../lib/gcc/pic32m/13.2.1/../../../../pic32m/lib\libpic32.a(default-on-bootstrap.o)
 .gnu.attributes
                0x00000110       0x10 C:/Program Files/Microchip/xc32/v5.10/bin/bin/../../lib/gcc/pic32m/13.2.1/../../../../pic32m/lib\libpic32.a(default-nmi-handler.o)
 .gnu.attributes
                0x00000120       0x10 C:/Program Files/Microchip/xc32/v5.10/bin/bin/../../lib/gcc/pic32m/13.2.1/../../../../pic32m/lib\libpic32.a(pic32_data_init_core.o)
 .gnu.attributes
                0x00000130       0x10 C:/Program Files/Microchip/xc32/v5.10/bin/bin/../../lib/gcc/pic32m/13.2.1/../../../../pic32m/lib\libpic32.a(general-exception.o)
 .gnu.attributes
                0x00000140       0x10 C:/Program Files/Microchip/xc32/v5.10/bin/bin/../../lib/gcc/pic32m/13.2.1/../../../../pic32m/lib\libpic32.a(vector0.o)
 .gnu.attributes
                0x00000150       0x10 C:/Program Files/Microchip/xc32/v5.10/bin/bin/../../lib/gcc/pic32m/13.2.1/../../../../pic32m/lib\libpic32.a(vector1.o)
 .gnu.attributes
                0x00000160       0x10 C:/Program Files/Microchip/xc32/v5.10/bin/bin/../../lib/gcc/pic32m/13.2.1/../../../../pic32m/lib\libpic32.a(vector2.o)
 .gnu.attributes
                0x00000170       0x10 C:/Program Files/Microchip/xc32/v5.10/bin/bin/../../lib/gcc/pic32m/13.2.1/../../../../pic32m/lib\libpic32.a(vector3.o)
 .gnu.attributes
                0x00000180       0x10 C:/Program Files/Microchip/xc32/v5.10/bin/bin/../../lib/gcc/pic32m/13.2.1/../../../../pic32m/lib\libpic32.a(vector4.o)
 .gnu.attributes
                0x00000190       0x10 C:/Program Files/Microchip/xc32/v5.10/bin/bin/../../lib/gcc/pic32m/13.2.1/../../../../pic32m/lib\libpic32.a(vector5.o)
 .gnu.attributes
                0x000001a0       0x10 C:/Program Files/Microchip/xc32/v5.10/bin/bin/../../lib/gcc/pic32m/13.2.1/../../../../pic32m/lib\libpic32.a(vector6.o)
 .gnu.attributes
                0x000001b0       0x10 C:/Program Files/Microchip/xc32/v5.10/bin/bin/../../lib/gcc/pic32m/13.2.1/../../../../pic32m/lib\libpic32.a(vector7.o)
 .gnu.attributes
                0x000001c0       0x10 C:/Program Files/Microchip/xc32/v5.10/bin/bin/../../lib/gcc/pic32m/13.2.1/../../../../pic32m/lib\libpic32.a(vector8.o)
 .gnu.attributes
                0x000001d0       0x10 C:/Program Files/Microchip/xc32/v5.10/bin/bin/../../lib/gcc/pic32m/13.2.1/../../../../pic32m/lib\libpic32.a(vector9.o)
 .gnu.attributes
                0x000001e0       0x10 C:/Program Files/Microchip/xc32/v5.10/bin/bin/../../lib/gcc/pic32m/13.2.1/../../../../pic32m/lib\libpic32.a(vector10.o)
 .gnu.attributes
                0x000001f0       0x10 C:/Program Files/Microchip/xc32/v5.10/bin/bin/../../lib/gcc/pic32m/13.2.1/../../../../pic32m/lib\libpic32.a(vector11.o)
 .gnu.attributes
                0x00000200       0x10 C:/Program Files/Microchip/xc32/v5.10/bin/bin/../../lib/gcc/pic32m/13.2.1/../../../../pic32m/lib\libpic32.a(vector12.o)
 .gnu.attributes
                0x00000210       0x10 C:/Program Files/Microchip/xc32/v5.10/bin/bin/../../lib/gcc/pic32m/13.2.1/../../../../pic32m/lib\libpic32.a(vector13.o)
 .gnu.attributes
                0x00000220       0x10 C:/Program Files/Microchip/xc32/v5.10/bin/bin/../../lib/gcc/pic32m/13.2.1/../../../../pic32m/lib\libpic32.a(vector14.o)
 .gnu.attributes
                0x00000230       0x10 C:/Program Files/Microchip/xc32/v5.10/bin/bin/../../lib/gcc/pic32m/13.2.1/../../../../pic32m/lib\libpic32.a(vector15.o)
 .gnu.attributes
                0x00000240       0x10 C:/Program Files/Microchip/xc32/v5.10/bin/bin/../../lib/gcc/pic32m/13.2.1/../../../../pic32m/lib\libpic32.a(vector16.o)
 .gnu.attributes
                0x00000250       0x10 C:/Program Files/Microchip/xc32/v5.10/bin/bin/../../lib/gcc/pic32m/13.2.1/../../../../pic32m/lib\libpic32.a(vector17.o)
 .gnu.attributes
                0x00000260       0x10 C:/Program Files/Microchip/xc32/v5.10/bin/bin/../../lib/gcc/pic32m/13.2.1/../../../../pic32m/lib\libpic32.a(vector18.o)
 .gnu.attributes
                0x00000270       0x10 C:/Program Files/Microchip/xc32/v5.10/bin/bin/../../lib/gcc/pic32m/13.2.1/../../../../pic32m/lib\libpic32.a(vector19.o)
 .gnu.attributes
                0x00000280       0x10 C:/Program Files/Microchip/xc32/v5.10/bin/bin/../../lib/gcc/pic32m/13.2.1/../../../../pic32m/lib\libpic32.a(vector20.o)
 .gnu.attributes
                0x00000290       0x10 C:/Program Files/Microchip/xc32/v5.10/bin/bin/../../lib/gcc/pic32m/13.2.1/../../../../pic32m/lib\libpic32.a(vector21.o)
 .gnu.attributes
                0x000002a0       0x10 C:/Program Files/Microchip/xc32/v5.10/bin/bin/../../lib/gcc/pic32m/13.2.1/../../../../pic32m/lib\libpic32.a(vector22.o)
 .gnu.attributes
                0x000002b0       0x10 C:/Program Files/Microchip/xc32/v5.10/bin/bin/../../lib/gcc/pic32m/13.2.1/../../../../pic32m/lib\libpic32.a(vector23.o)
 .gnu.attributes
                0x000002c0       0x10 C:/Program Files/Microchip/xc32/v5.10/bin/bin/../../lib/gcc/pic32m/13.2.1/../../../../pic32m/lib\libpic32.a(vector24.o)
 .gnu.attributes
                0x000002d0       0x10 C:/Program Files/Microchip/xc32/v5.10/bin/bin/../../lib/gcc/pic32m/13.2.1/../../../../pic32m/lib\libpic32.a(vector25.o)
 .gnu.attributes
                0x000002e0       0x10 C:/Program Files/Microchip/xc32/v5.10/bin/bin/../../lib/gcc/pic32m/13.2.1/../../../../pic32m/lib\libpic32.a(vector26.o)
 .gnu.attributes
                0x000002f0       0x10 C:/Program Files/Microchip/xc32/v5.10/bin/bin/../../lib/gcc/pic32m/13.2.1/../../../../pic32m/lib\libpic32.a(vector27.o)
 .gnu.attributes
                0x00000300       0x10 C:/Program Files/Microchip/xc32/v5.10/bin/bin/../../lib/gcc/pic32m/13.2.1/../../../../pic32m/lib\libpic32.a(vector28.o)
 .gnu.attributes
                0x00000310       0x10 C:/Program Files/Microchip/xc32/v5.10/bin/bin/../../lib/gcc/pic32m/13.2.1/../../../../pic32m/lib\libpic32.a(vector29.o)
 .gnu.attributes
                0x00000320       0x10 C:/Program Files/Microchip/xc32/v5.10/bin/bin/../../lib/gcc/pic32m/13.2.1/../../../../pic32m/lib\libpic32.a(vector30.o)
 .gnu.attributes
                0x00000330       0x10 C:/Program Files/Microchip/xc32/v5.10/bin/bin/../../lib/gcc/pic32m/13.2.1/../../../../pic32m/lib\libpic32.a(vector33.o)
 .gnu.attributes
                0x00000340       0x10 C:/Program Files/Microchip/xc32/v5.10/bin/bin/../../lib/gcc/pic32m/13.2.1/../../../../pic32m/lib\libpic32.a(vector34.o)
 .gnu.attributes
                0x00000350       0x10 C:/Program Files/Microchip/xc32/v5.10/bin/bin/../../lib/gcc/pic32m/13.2.1/../../../../pic32m/lib\libpic32.a(vector35.o)
 .gnu.attributes
                0x00000360       0x10 C:/Program Files/Microchip/xc32/v5.10/bin/bin/../../lib/gcc/pic32m/13.2.1/../../../../pic32m/lib\libpic32.a(vector36.o)
 .gnu.attributes
                0x00000370       0x10 C:/Program Files/Microchip/xc32/v5.10/bin/bin/../../lib/gcc/pic32m/13.2.1/../../../../pic32m/lib\libpic32.a(vector37.o)
 .gnu.attributes
                0x00000380       0x10 C:/Program Files/Microchip/xc32/v5.10/bin/bin/../../lib/gcc/pic32m/13.2.1/../../../../pic32m/lib\libpic32.a(vector38.o)
 .gnu.attributes
                0x00000390       0x10 C:/Program Files/Microchip/xc32/v5.10/bin/bin/../../lib/gcc/pic32m/13.2.1/../../../../pic32m/lib\libpic32.a(vector39.o)
 .gnu.attributes
                0x000003a0       0x10 C:/Program Files/Microchip/xc32/v5.10/bin/bin/../../lib/gcc/pic32m/13.2.1/../../../../pic32m/lib\libpic32.a(vector40.o)
 .gnu.attributes
                0x000003b0       0x10 C:/Program Files/Microchip/xc32/v5.10/bin/bin/../../lib/gcc/pic32m/13.2.1/../../../../pic32m/lib\libpic32.a(vector41.o)
 .gnu.attributes
                0x000003c0       0x10 C:/Program Files/Microchip/xc32/v5.10/bin/bin/../../lib/gcc/pic32m/13.2.1/../../../../pic32m/lib\libpic32.a(vector42.o)
 .gnu.attributes
                0x000003d0       0x10 C:/Program Files/Microchip/xc32/v5.10/bin/bin/../../lib/gcc/pic32m/13.2.1/../../../../pic32m/lib\libpic32.a(vector43.o)
 .gnu.attributes
                0x000003e0       0x10 C:/Program Files/Microchip/xc32/v5.10/bin/bin/../../lib/gcc/pic32m/13.2.1/../../../../pic32m/lib\libpic32.a(defaultinterrupt.o)
 .gnu.attributes
                0x000003f0       0x10 C:/Program Files/Microchip/xc32/v5.10/bin/bin/../../lib/gcc/pic32m/13.2.1/../../../../pic32m/lib\libpic32.a(pic32_data_init_clear.o)

/DISCARD/
 *(.note.GNU-stack)

/DISCARD/
 *(.note.GNU-stack)
 *(.gnu_debuglink)
 *(.gnu.lto_*)
 *(.discard)
                0x00000001                        __MPLAB_DEBUG = 0x1
                0x00000001                        __DEBUG = 0x1
                0x00000001                        __MPLAB_DEBUGGER_SIMULATOR = 0x1
                0x00000200                        _min_heap_size = 0x200
LOAD C:\Users\Moata\AppData\Local\Temp\ccCP9Bs1.o
LOAD C:\Users\Moata\AppData\Local\Temp\ccv4vai2.o
LOAD C:\Users\Moata\AppData\Local\Temp\ccJbvORd.o
LOAD C:/Program Files/Microchip/xc32/v5.10/bin/bin/../../lib/gcc/pic32m/13.2.1/../../../../pic32m/lib\software-debug-break.o
LOAD C:/Program Files/Microchip/xc32/v5.10/bin/bin/../../lib/gcc/pic32m/13.2.1/../../../../pic32m/lib\pic32_software_reset.o
LOAD C:/Program Files/Microchip/xc32/v5.10/bin/bin/../../lib/gcc/pic32m/13.2.1\libgcc.a
START GROUP
LOAD C:/Program Files/Microchip/xc32/v5.10/bin/bin/../../lib/gcc/pic32m/13.2.1/../../../../pic32m/lib\libpic32.a
LOAD C:/Program Files/Microchip/xc32/v5.10/bin/bin/../../lib/gcc/pic32m/13.2.1/../../../../pic32m/lib\libc-size-musl.a
LOAD C:/Program Files/Microchip/xc32/v5.10/bin/bin/../../lib/gcc/pic32m/13.2.1/../../../../pic32m/lib\liblmalloc-musl.a
LOAD C:/Program Files/Microchip/xc32/v5.10/bin/bin/../../lib/gcc/pic32m/13.2.1/../../../../pic32m/lib\libdebug.a
LOAD C:/Program Files/Microchip/xc32/v5.10/bin/bin/../../lib/gcc/pic32m/13.2.1/../../../../pic32m/lib\libc-musl.a
LOAD C:/Program Files/Microchip/xc32/v5.10/bin/bin/../../lib/gcc/pic32m/13.2.1/../../../../pic32m/lib\libm.a
LOAD C:/Program Files/Microchip/xc32/v5.10/bin/bin/../../lib/gcc/pic32m/13.2.1/../../../../pic32m/lib\libe.a
LOAD C:/Program Files/Microchip/xc32/v5.10/bin/bin/../../lib/gcc/pic32m/13.2.1/../../../../pic32m/lib\libm-musl.a
LOAD C:/Program Files/Microchip/xc32/v5.10/bin/bin/../../lib/gcc/pic32m/13.2.1/../../../../pic32m/lib\libdsp.a
END GROUP
LOAD C:/Program Files/Microchip/xc32/v5.10/bin/bin/../../lib/gcc/pic32m/13.2.1\libgcc.a
OUTPUT(dist/default/debug/MindSpeak_Main_Code.X.debug.elf elf32-tradlittlemips)
LOAD data_init

.note           0x00000000      0x6c0
 .note          0x00000000       0x18 build/default/debug/_ext/1865657120/plib_uart1.o
 .note          0x00000018       0x18 build/default/debug/_ext/1360937237/main.o
 .note          0x00000030       0xd8 build/default/debug/_ext/1171490990/initialization.o
 .note          0x00000108       0x18 build/default/debug/_ext/1171490990/interrupts.o
 .note          0x00000120       0x18 build/default/debug/_ext/1171490990/exceptions.o
 .note          0x00000138       0x18 build/default/debug/_ext/163028504/xc32_monitor.o
 .note          0x00000150       0x18 build/default/debug/_ext/60165520/plib_clk.o
 .note          0x00000168       0x18 build/default/debug/_ext/1865254177/plib_gpio.o
 .note          0x00000180       0x18 build/default/debug/_ext/1865200349/plib_evic.o
 .note          0x00000198       0x18 build/default/debug/_ext/298189674/plib_spi1_master.o
 .note          0x000001b0       0x18 C:\Users\Moata\AppData\Local\Temp\ccCP9Bs1.o
 .note          0x000001c8       0x18 C:\Users\Moata\AppData\Local\Temp\ccv4vai2.o
 .note          0x000001e0       0x18 C:\Users\Moata\AppData\Local\Temp\ccJbvORd.o
 .note          0x000001f8       0x18 C:/Program Files/Microchip/xc32/v5.10/bin/bin/../../lib/gcc/pic32m/13.2.1/../../../../pic32m/lib\software-debug-break.o
 .note          0x00000210       0x18 C:/Program Files/Microchip/xc32/v5.10/bin/bin/../../lib/gcc/pic32m/13.2.1/../../../../pic32m/lib\pic32_software_reset.o
 .note          0x00000228       0x18 C:/Program Files/Microchip/xc32/v5.10/bin/bin/../../lib/gcc/pic32m/13.2.1/../../../../pic32m/lib\libpic32.a(default-on-reset.o)
 .note          0x00000240       0x18 C:/Program Files/Microchip/xc32/v5.10/bin/bin/../../lib/gcc/pic32m/13.2.1/../../../../pic32m/lib\libpic32.a(default-on-bootstrap.o)
 .note          0x00000258       0x18 C:/Program Files/Microchip/xc32/v5.10/bin/bin/../../lib/gcc/pic32m/13.2.1/../../../../pic32m/lib\libpic32.a(default-nmi-handler.o)
 .note          0x00000270       0x18 C:/Program Files/Microchip/xc32/v5.10/bin/bin/../../lib/gcc/pic32m/13.2.1/../../../../pic32m/lib\libpic32.a(pic32_data_init_core.o)
 .note          0x00000288       0x18 C:/Program Files/Microchip/xc32/v5.10/bin/bin/../../lib/gcc/pic32m/13.2.1/../../../../pic32m/lib\libpic32.a(general-exception.o)
 .note          0x000002a0       0x18 C:/Program Files/Microchip/xc32/v5.10/bin/bin/../../lib/gcc/pic32m/13.2.1/../../../../pic32m/lib\libpic32.a(vector0.o)
 .note          0x000002b8       0x18 C:/Program Files/Microchip/xc32/v5.10/bin/bin/../../lib/gcc/pic32m/13.2.1/../../../../pic32m/lib\libpic32.a(vector1.o)
 .note          0x000002d0       0x18 C:/Program Files/Microchip/xc32/v5.10/bin/bin/../../lib/gcc/pic32m/13.2.1/../../../../pic32m/lib\libpic32.a(vector2.o)
 .note          0x000002e8       0x18 C:/Program Files/Microchip/xc32/v5.10/bin/bin/../../lib/gcc/pic32m/13.2.1/../../../../pic32m/lib\libpic32.a(vector3.o)
 .note          0x00000300       0x18 C:/Program Files/Microchip/xc32/v5.10/bin/bin/../../lib/gcc/pic32m/13.2.1/../../../../pic32m/lib\libpic32.a(vector4.o)
 .note          0x00000318       0x18 C:/Program Files/Microchip/xc32/v5.10/bin/bin/../../lib/gcc/pic32m/13.2.1/../../../../pic32m/lib\libpic32.a(vector5.o)
 .note          0x00000330       0x18 C:/Program Files/Microchip/xc32/v5.10/bin/bin/../../lib/gcc/pic32m/13.2.1/../../../../pic32m/lib\libpic32.a(vector6.o)
 .note          0x00000348       0x18 C:/Program Files/Microchip/xc32/v5.10/bin/bin/../../lib/gcc/pic32m/13.2.1/../../../../pic32m/lib\libpic32.a(vector7.o)
 .note          0x00000360       0x18 C:/Program Files/Microchip/xc32/v5.10/bin/bin/../../lib/gcc/pic32m/13.2.1/../../../../pic32m/lib\libpic32.a(vector8.o)
 .note          0x00000378       0x18 C:/Program Files/Microchip/xc32/v5.10/bin/bin/../../lib/gcc/pic32m/13.2.1/../../../../pic32m/lib\libpic32.a(vector9.o)
 .note          0x00000390       0x18 C:/Program Files/Microchip/xc32/v5.10/bin/bin/../../lib/gcc/pic32m/13.2.1/../../../../pic32m/lib\libpic32.a(vector10.o)
 .note          0x000003a8       0x18 C:/Program Files/Microchip/xc32/v5.10/bin/bin/../../lib/gcc/pic32m/13.2.1/../../../../pic32m/lib\libpic32.a(vector11.o)
 .note          0x000003c0       0x18 C:/Program Files/Microchip/xc32/v5.10/bin/bin/../../lib/gcc/pic32m/13.2.1/../../../../pic32m/lib\libpic32.a(vector12.o)
 .note          0x000003d8       0x18 C:/Program Files/Microchip/xc32/v5.10/bin/bin/../../lib/gcc/pic32m/13.2.1/../../../../pic32m/lib\libpic32.a(vector13.o)
 .note          0x000003f0       0x18 C:/Program Files/Microchip/xc32/v5.10/bin/bin/../../lib/gcc/pic32m/13.2.1/../../../../pic32m/lib\libpic32.a(vector14.o)
 .note          0x00000408       0x18 C:/Program Files/Microchip/xc32/v5.10/bin/bin/../../lib/gcc/pic32m/13.2.1/../../../../pic32m/lib\libpic32.a(vector15.o)
 .note          0x00000420       0x18 C:/Program Files/Microchip/xc32/v5.10/bin/bin/../../lib/gcc/pic32m/13.2.1/../../../../pic32m/lib\libpic32.a(vector16.o)
 .note          0x00000438       0x18 C:/Program Files/Microchip/xc32/v5.10/bin/bin/../../lib/gcc/pic32m/13.2.1/../../../../pic32m/lib\libpic32.a(vector17.o)
 .note          0x00000450       0x18 C:/Program Files/Microchip/xc32/v5.10/bin/bin/../../lib/gcc/pic32m/13.2.1/../../../../pic32m/lib\libpic32.a(vector18.o)
 .note          0x00000468       0x18 C:/Program Files/Microchip/xc32/v5.10/bin/bin/../../lib/gcc/pic32m/13.2.1/../../../../pic32m/lib\libpic32.a(vector19.o)
 .note          0x00000480       0x18 C:/Program Files/Microchip/xc32/v5.10/bin/bin/../../lib/gcc/pic32m/13.2.1/../../../../pic32m/lib\libpic32.a(vector20.o)
 .note          0x00000498       0x18 C:/Program Files/Microchip/xc32/v5.10/bin/bin/../../lib/gcc/pic32m/13.2.1/../../../../pic32m/lib\libpic32.a(vector21.o)
 .note          0x000004b0       0x18 C:/Program Files/Microchip/xc32/v5.10/bin/bin/../../lib/gcc/pic32m/13.2.1/../../../../pic32m/lib\libpic32.a(vector22.o)
 .note          0x000004c8       0x18 C:/Program Files/Microchip/xc32/v5.10/bin/bin/../../lib/gcc/pic32m/13.2.1/../../../../pic32m/lib\libpic32.a(vector23.o)
 .note          0x000004e0       0x18 C:/Program Files/Microchip/xc32/v5.10/bin/bin/../../lib/gcc/pic32m/13.2.1/../../../../pic32m/lib\libpic32.a(vector24.o)
 .note          0x000004f8       0x18 C:/Program Files/Microchip/xc32/v5.10/bin/bin/../../lib/gcc/pic32m/13.2.1/../../../../pic32m/lib\libpic32.a(vector25.o)
 .note          0x00000510       0x18 C:/Program Files/Microchip/xc32/v5.10/bin/bin/../../lib/gcc/pic32m/13.2.1/../../../../pic32m/lib\libpic32.a(vector26.o)
 .note          0x00000528       0x18 C:/Program Files/Microchip/xc32/v5.10/bin/bin/../../lib/gcc/pic32m/13.2.1/../../../../pic32m/lib\libpic32.a(vector27.o)
 .note          0x00000540       0x18 C:/Program Files/Microchip/xc32/v5.10/bin/bin/../../lib/gcc/pic32m/13.2.1/../../../../pic32m/lib\libpic32.a(vector28.o)
 .note          0x00000558       0x18 C:/Program Files/Microchip/xc32/v5.10/bin/bin/../../lib/gcc/pic32m/13.2.1/../../../../pic32m/lib\libpic32.a(vector29.o)
 .note          0x00000570       0x18 C:/Program Files/Microchip/xc32/v5.10/bin/bin/../../lib/gcc/pic32m/13.2.1/../../../../pic32m/lib\libpic32.a(vector30.o)
 .note          0x00000588       0x18 C:/Program Files/Microchip/xc32/v5.10/bin/bin/../../lib/gcc/pic32m/13.2.1/../../../../pic32m/lib\libpic32.a(vector33.o)
 .note          0x000005a0       0x18 C:/Program Files/Microchip/xc32/v5.10/bin/bin/../../lib/gcc/pic32m/13.2.1/../../../../pic32m/lib\libpic32.a(vector34.o)
 .note          0x000005b8       0x18 C:/Program Files/Microchip/xc32/v5.10/bin/bin/../../lib/gcc/pic32m/13.2.1/../../../../pic32m/lib\libpic32.a(vector35.o)
 .note          0x000005d0       0x18 C:/Program Files/Microchip/xc32/v5.10/bin/bin/../../lib/gcc/pic32m/13.2.1/../../../../pic32m/lib\libpic32.a(vector36.o)
 .note          0x000005e8       0x18 C:/Program Files/Microchip/xc32/v5.10/bin/bin/../../lib/gcc/pic32m/13.2.1/../../../../pic32m/lib\libpic32.a(vector37.o)
 .note          0x00000600       0x18 C:/Program Files/Microchip/xc32/v5.10/bin/bin/../../lib/gcc/pic32m/13.2.1/../../../../pic32m/lib\libpic32.a(vector38.o)
 .note          0x00000618       0x18 C:/Program Files/Microchip/xc32/v5.10/bin/bin/../../lib/gcc/pic32m/13.2.1/../../../../pic32m/lib\libpic32.a(vector39.o)
 .note          0x00000630       0x18 C:/Program Files/Microchip/xc32/v5.10/bin/bin/../../lib/gcc/pic32m/13.2.1/../../../../pic32m/lib\libpic32.a(vector40.o)
 .note          0x00000648       0x18 C:/Program Files/Microchip/xc32/v5.10/bin/bin/../../lib/gcc/pic32m/13.2.1/../../../../pic32m/lib\libpic32.a(vector41.o)
 .note          0x00000660       0x18 C:/Program Files/Microchip/xc32/v5.10/bin/bin/../../lib/gcc/pic32m/13.2.1/../../../../pic32m/lib\libpic32.a(vector42.o)
 .note          0x00000678       0x18 C:/Program Files/Microchip/xc32/v5.10/bin/bin/../../lib/gcc/pic32m/13.2.1/../../../../pic32m/lib\libpic32.a(vector43.o)
 .note          0x00000690       0x18 C:/Program Files/Microchip/xc32/v5.10/bin/bin/../../lib/gcc/pic32m/13.2.1/../../../../pic32m/lib\libpic32.a(defaultinterrupt.o)
 .note          0x000006a8       0x18 C:/Program Files/Microchip/xc32/v5.10/bin/bin/../../lib/gcc/pic32m/13.2.1/../../../../pic32m/lib\libpic32.a(pic32_data_init_clear.o)

.reginfo        0x00000000       0x18
 .reginfo       0x00000000       0x18 build/default/debug/_ext/1865657120/plib_uart1.o

.bss.uart1Obj   0xa0000200       0x34
 .bss.uart1Obj  0xa0000200       0x34 build/default/debug/_ext/1865657120/plib_uart1.o

.bss.spi1Obj    0xa0000234       0x28
 .bss.spi1Obj   0xa0000234       0x28 build/default/debug/_ext/298189674/plib_spi1_master.o

.text.SPI1_WriteRead
                0x9d000000      0x374
 .text.SPI1_WriteRead
                0x9d000000      0x374 build/default/debug/_ext/298189674/plib_spi1_master.o
                0x9d000000                SPI1_WriteRead

.text.SPI1_RX_InterruptHandler
                0x9d000374      0x310
 .text.SPI1_RX_InterruptHandler
                0x9d000374      0x310 build/default/debug/_ext/298189674/plib_spi1_master.o

.text.SPI1_TX_InterruptHandler
                0x9d000684      0x15c
 .text.SPI1_TX_InterruptHandler
                0x9d000684      0x15c build/default/debug/_ext/298189674/plib_spi1_master.o

.text.UART1_TX_InterruptHandler
                0x9d0007e0      0x12c
 .text.UART1_TX_InterruptHandler
                0x9d0007e0      0x12c build/default/debug/_ext/1865657120/plib_uart1.o

.text.UART1_RX_InterruptHandler
                0x9d00090c      0x128
 .text.UART1_RX_InterruptHandler
                0x9d00090c      0x128 build/default/debug/_ext/1865657120/plib_uart1.o

.text.SPI_1_Handler
                0x9d000a34      0x120
 .text.SPI_1_Handler
                0x9d000a34      0x120 build/default/debug/_ext/1171490990/interrupts.o
                0x9d000a34                SPI_1_Handler

.text.UART_1_Handler
                0x9d000b54      0x120
 .text.UART_1_Handler
                0x9d000b54      0x120 build/default/debug/_ext/1171490990/interrupts.o
                0x9d000b54                UART_1_Handler

.text.general_exception
                0x9d000c74       0xdc
 .text.general_exception
                0x9d000c74       0xdc C:/Program Files/Microchip/xc32/v5.10/bin/bin/../../lib/gcc/pic32m/13.2.1/../../../../pic32m/lib\libpic32.a(general-exception.o)
                0x9d000c74                _general_exception_context

.text.UART_1_InterruptHandler
                0x9d000d50       0x98
 .text.UART_1_InterruptHandler
                0x9d000d50       0x98 build/default/debug/_ext/1865657120/plib_uart1.o
                0x9d000d50                UART_1_InterruptHandler

.text.SPI1_Initialize
                0x9d000de8       0x88
 .text.SPI1_Initialize
                0x9d000de8       0x88 build/default/debug/_ext/298189674/plib_spi1_master.o
                0x9d000de8                SPI1_Initialize

.text.UART1_Initialize
                0x9d000e70       0x84
 .text.UART1_Initialize
                0x9d000e70       0x84 build/default/debug/_ext/1865657120/plib_uart1.o
                0x9d000e70                UART1_Initialize

.text           0x9d000ef4       0x7c
 .text          0x9d000ef4       0x7c C:/Program Files/Microchip/xc32/v5.10/bin/bin/../../lib/gcc/pic32m/13.2.1/../../../../pic32m/lib\libpic32.a(pic32_data_init_core.o)
                0x9d000ef4                __dinit_copy_val_data
                0x9d000ef4                __dinit_copy_emb
                0x9d000ef4                __dinit_decompress
                0x9d000ef4                __dinit_copy
                0x9d000efc                __pic32_data_init

.text.UART1_ErrorClear
                0x9d000f70       0x74
 .text.UART1_ErrorClear
                0x9d000f70       0x74 build/default/debug/_ext/1865657120/plib_uart1.o

.text.UART1_FAULT_InterruptHandler
                0x9d000fe4       0x70
 .text.UART1_FAULT_InterruptHandler
                0x9d000fe4       0x70 build/default/debug/_ext/1865657120/plib_uart1.o

.text.CLK_Initialize
                0x9d001054       0x70
 .text.CLK_Initialize
                0x9d001054       0x70 build/default/debug/_ext/60165520/plib_clk.o
                0x9d001054                CLK_Initialize

.text.SYS_Initialize
                0x9d0010c4       0x6c
 .text.SYS_Initialize
                0x9d0010c4       0x6c build/default/debug/_ext/1171490990/initialization.o
                0x9d0010c4                SYS_Initialize

.text.SPI_1_InterruptHandler
                0x9d001130       0x6c
 .text.SPI_1_InterruptHandler
                0x9d001130       0x6c build/default/debug/_ext/298189674/plib_spi1_master.o
                0x9d001130                SPI_1_InterruptHandler

.text.main_entry
                0x9d00119c       0x54
 .text.main_entry
                0x9d00119c       0x54 C:\Users\Moata\AppData\Local\Temp\ccCP9Bs1.o
                0x9d0011d0                __crt0_exit

.text.main      0x9d0011f0       0x48
 .text.main     0x9d0011f0       0x48 build/default/debug/_ext/1360937237/main.o
                0x9d0011f0                main

.vector_default
                0x9d001238       0x48
 .vector_default
                0x9d001238       0x48 C:/Program Files/Microchip/xc32/v5.10/bin/bin/../../lib/gcc/pic32m/13.2.1/../../../../pic32m/lib\libpic32.a(defaultinterrupt.o)
                0x9d001238                _DefaultInterrupt

.text           0x9d001280       0x44
 .text          0x9d001280       0x44 C:/Program Files/Microchip/xc32/v5.10/bin/bin/../../lib/gcc/pic32m/13.2.1/../../../../pic32m/lib\pic32_software_reset.o
                0x9d001280                __pic32_software_reset

.text.EVIC_Initialize
                0x9d0012c4       0x2c
 .text.EVIC_Initialize
                0x9d0012c4       0x2c build/default/debug/_ext/1865200349/plib_evic.o
                0x9d0012c4                EVIC_Initialize

.text.SPI1_Write
                0x9d0012f0       0x20
 .text.SPI1_Write
                0x9d0012f0       0x20 build/default/debug/_ext/298189674/plib_spi1_master.o
                0x9d0012f0                SPI1_Write

.text._general_exception_handler
                0x9d001310       0x1c
 .text._general_exception_handler
                0x9d001310       0x1c build/default/debug/_ext/1171490990/exceptions.o
                0x9d001310                _general_exception_handler

.text._bootstrap_exception_handler
                0x9d00132c       0x1c
 .text._bootstrap_exception_handler
                0x9d00132c       0x1c build/default/debug/_ext/1171490990/exceptions.o
                0x9d00132c                _bootstrap_exception_handler

.MIPS.abiflags  0x9d001348       0x18
 .MIPS.abiflags
                0x9d001348       0x18 build/default/debug/_ext/1865657120/plib_uart1.o

.text           0x9d001360       0x30
 .text          0x9d001360       0x18 C:/Program Files/Microchip/xc32/v5.10/bin/bin/../../lib/gcc/pic32m/13.2.1/../../../../pic32m/lib\libpic32.a(default-nmi-handler.o)
                0x9d001360                _nmi_handler
 .text          0x9d001378       0x18 C:/Program Files/Microchip/xc32/v5.10/bin/bin/../../lib/gcc/pic32m/13.2.1/../../../../pic32m/lib\libpic32.a(pic32_data_init_clear.o)
                0x9d001378                __dinit_clear
                0x9d001378                __dinit_clear_needed

.rodata         0x9d001390       0x14
 .rodata        0x9d001390       0x14 C:/Program Files/Microchip/xc32/v5.10/bin/bin/../../lib/gcc/pic32m/13.2.1/../../../../pic32m/lib\libpic32.a(pic32_data_init_core.o)

.rodata.main.str1.4
                0x9d0013a4       0x11
 .rodata.main.str1.4
                0x9d0013a4       0x11 build/default/debug/_ext/1360937237/main.o

.dinit          0x9d0013b8       0x10
 .dinit         0x9d0013b8       0x10 data_init

.text.__exception_handler_break
                0x9d0013c8        0xc
 .text.__exception_handler_break
                0x9d0013c8        0xc C:/Program Files/Microchip/xc32/v5.10/bin/bin/../../lib/gcc/pic32m/13.2.1/../../../../pic32m/lib\software-debug-break.o
                0x9d0013c8                __exception_handler_break

.text.GPIO_Initialize
                0x9d0013d4        0x8
 .text.GPIO_Initialize
                0x9d0013d4        0x8 build/default/debug/_ext/1865254177/plib_gpio.o
                0x9d0013d4                GPIO_Initialize

.text._on_reset
                0x9d0013dc        0x8
 .text._on_reset
                0x9d0013dc        0x8 C:/Program Files/Microchip/xc32/v5.10/bin/bin/../../lib/gcc/pic32m/13.2.1/../../../../pic32m/lib\libpic32.a(default-on-reset.o)
                0x9d0013dc                _on_reset

.text._on_bootstrap
                0x9d0013e4        0x8
 .text._on_bootstrap
                0x9d0013e4        0x8 C:/Program Files/Microchip/xc32/v5.10/bin/bin/../../lib/gcc/pic32m/13.2.1/../../../../pic32m/lib\libpic32.a(default-on-bootstrap.o)
                0x9d0013e4                _on_bootstrap
